Archive member included to satisfy reference by file (symbol)

/Applications/STM32CubeIDE.app/Contents/Eclipse/plugins/com.st.stm32cube.ide.mcu.externaltools.gnu-tools-for-stm32.13.3.rel1.macos64_1.0.0.202411102158/tools/bin/../lib/gcc/arm-none-eabi/13.3.1/../../../../arm-none-eabi/lib/thumb/v7e-m+fp/hard/libc_nano.a(libc_a-exit.o)
                              /Applications/STM32CubeIDE.app/Contents/Eclipse/plugins/com.st.stm32cube.ide.mcu.externaltools.gnu-tools-for-stm32.13.3.rel1.macos64_1.0.0.202411102158/tools/bin/../lib/gcc/arm-none-eabi/13.3.1/../../../../arm-none-eabi/lib/thumb/v7e-m+fp/hard/crt0.o (exit)
/Applications/STM32CubeIDE.app/Contents/Eclipse/plugins/com.st.stm32cube.ide.mcu.externaltools.gnu-tools-for-stm32.13.3.rel1.macos64_1.0.0.202411102158/tools/bin/../lib/gcc/arm-none-eabi/13.3.1/../../../../arm-none-eabi/lib/thumb/v7e-m+fp/hard/libc_nano.a(libc_a-snprintf.o)
                              ./Core/Src/lora.o (snprintf)
/Applications/STM32CubeIDE.app/Contents/Eclipse/plugins/com.st.stm32cube.ide.mcu.externaltools.gnu-tools-for-stm32.13.3.rel1.macos64_1.0.0.202411102158/tools/bin/../lib/gcc/arm-none-eabi/13.3.1/../../../../arm-none-eabi/lib/thumb/v7e-m+fp/hard/libc_nano.a(libc_a-sprintf.o)
                              ./Core/Src/lora.o (sprintf)
/Applications/STM32CubeIDE.app/Contents/Eclipse/plugins/com.st.stm32cube.ide.mcu.externaltools.gnu-tools-for-stm32.13.3.rel1.macos64_1.0.0.202411102158/tools/bin/../lib/gcc/arm-none-eabi/13.3.1/../../../../arm-none-eabi/lib/thumb/v7e-m+fp/hard/libc_nano.a(libc_a-findfp.o)
                              /Applications/STM32CubeIDE.app/Contents/Eclipse/plugins/com.st.stm32cube.ide.mcu.externaltools.gnu-tools-for-stm32.13.3.rel1.macos64_1.0.0.202411102158/tools/bin/../lib/gcc/arm-none-eabi/13.3.1/../../../../arm-none-eabi/lib/thumb/v7e-m+fp/hard/libc_nano.a(libc_a-exit.o) (__stdio_exit_handler)
/Applications/STM32CubeIDE.app/Contents/Eclipse/plugins/com.st.stm32cube.ide.mcu.externaltools.gnu-tools-for-stm32.13.3.rel1.macos64_1.0.0.202411102158/tools/bin/../lib/gcc/arm-none-eabi/13.3.1/../../../../arm-none-eabi/lib/thumb/v7e-m+fp/hard/libc_nano.a(libc_a-strtol.o)
                              ./Core/Src/lora.o (strtol)
/Applications/STM32CubeIDE.app/Contents/Eclipse/plugins/com.st.stm32cube.ide.mcu.externaltools.gnu-tools-for-stm32.13.3.rel1.macos64_1.0.0.202411102158/tools/bin/../lib/gcc/arm-none-eabi/13.3.1/../../../../arm-none-eabi/lib/thumb/v7e-m+fp/hard/libc_nano.a(libc_a-fwalk.o)
                              /Applications/STM32CubeIDE.app/Contents/Eclipse/plugins/com.st.stm32cube.ide.mcu.externaltools.gnu-tools-for-stm32.13.3.rel1.macos64_1.0.0.202411102158/tools/bin/../lib/gcc/arm-none-eabi/13.3.1/../../../../arm-none-eabi/lib/thumb/v7e-m+fp/hard/libc_nano.a(libc_a-findfp.o) (_fwalk_sglue)
/Applications/STM32CubeIDE.app/Contents/Eclipse/plugins/com.st.stm32cube.ide.mcu.externaltools.gnu-tools-for-stm32.13.3.rel1.macos64_1.0.0.202411102158/tools/bin/../lib/gcc/arm-none-eabi/13.3.1/../../../../arm-none-eabi/lib/thumb/v7e-m+fp/hard/libc_nano.a(libc_a-memset.o)
                              /Applications/STM32CubeIDE.app/Contents/Eclipse/plugins/com.st.stm32cube.ide.mcu.externaltools.gnu-tools-for-stm32.13.3.rel1.macos64_1.0.0.202411102158/tools/bin/../lib/gcc/arm-none-eabi/13.3.1/../../../../arm-none-eabi/lib/thumb/v7e-m+fp/hard/crt0.o (memset)
/Applications/STM32CubeIDE.app/Contents/Eclipse/plugins/com.st.stm32cube.ide.mcu.externaltools.gnu-tools-for-stm32.13.3.rel1.macos64_1.0.0.202411102158/tools/bin/../lib/gcc/arm-none-eabi/13.3.1/../../../../arm-none-eabi/lib/thumb/v7e-m+fp/hard/libc_nano.a(libc_a-strstr.o)
                              ./Core/Src/lora.o (strstr)
/Applications/STM32CubeIDE.app/Contents/Eclipse/plugins/com.st.stm32cube.ide.mcu.externaltools.gnu-tools-for-stm32.13.3.rel1.macos64_1.0.0.202411102158/tools/bin/../lib/gcc/arm-none-eabi/13.3.1/../../../../arm-none-eabi/lib/thumb/v7e-m+fp/hard/libc_nano.a(libc_a-errno.o)
                              ./Core/Src/syscalls.o (__errno)
/Applications/STM32CubeIDE.app/Contents/Eclipse/plugins/com.st.stm32cube.ide.mcu.externaltools.gnu-tools-for-stm32.13.3.rel1.macos64_1.0.0.202411102158/tools/bin/../lib/gcc/arm-none-eabi/13.3.1/../../../../arm-none-eabi/lib/thumb/v7e-m+fp/hard/libc_nano.a(libc_a-init.o)
                              /Applications/STM32CubeIDE.app/Contents/Eclipse/plugins/com.st.stm32cube.ide.mcu.externaltools.gnu-tools-for-stm32.13.3.rel1.macos64_1.0.0.202411102158/tools/bin/../lib/gcc/arm-none-eabi/13.3.1/../../../../arm-none-eabi/lib/thumb/v7e-m+fp/hard/crt0.o (__libc_init_array)
/Applications/STM32CubeIDE.app/Contents/Eclipse/plugins/com.st.stm32cube.ide.mcu.externaltools.gnu-tools-for-stm32.13.3.rel1.macos64_1.0.0.202411102158/tools/bin/../lib/gcc/arm-none-eabi/13.3.1/../../../../arm-none-eabi/lib/thumb/v7e-m+fp/hard/libc_nano.a(libc_a-lock.o)
[...]
Memory Configuration

Name             Origin             Length             Attributes
RAM              0x20000000         0x00018000         xrw
RAM2             0x10000000         0x00008000         xrw
FLASH            0x08000000         0x00100000         xr
*default*        0x00000000         0xffffffff

Linker script and memory map

LOAD /Applications/STM32CubeIDE.app/Contents/Eclipse/plugins/com.st.stm32cube.ide.mcu.externaltools.gnu-tools-for-stm32.13.3.rel1.macos64_1.0.0.202411102158/tools/bin/../lib/gcc/arm-none-eabi/13.3.1/thumb/v7e-m+fp/hard/crti.o
LOAD /Applications/STM32CubeIDE.app/Contents/Eclipse/plugins/com.st.stm32cube.ide.mcu.externaltools.gnu-tools-for-stm32.13.3.rel1.macos64_1.0.0.202411102158/tools/bin/../lib/gcc/arm-none-eabi/13.3.1/thumb/v7e-m+fp/hard/crtbegin.o
LOAD /Applications/STM32CubeIDE.app/Contents/Eclipse/plugins/com.st.stm32cube.ide.mcu.externaltools.gnu-tools-for-stm32.13.3.rel1.macos64_1.0.0.202411102158/tools/bin/../lib/gcc/arm-none-eabi/13.3.1/../../../../arm-none-eabi/lib/thumb/v7e-m+fp/hard/crt0.o
LOAD ./Core/Src/dht11.o
LOAD ./Core/Src/gpio.o
LOAD ./Core/Src/hx711.o
LOAD ./Core/Src/i2c.o
LOAD ./Core/Src/lib_lcd.o
LOAD ./Core/Src/lora.o
LOAD ./Core/Src/main.o
LOAD ./Core/Src/sht31.o
LOAD ./Core/Src/stm32l4xx_hal_msp.o
LOAD ./Core/Src/stm32l4xx_it.o
LOAD ./Core/Src/syscalls.o
LOAD ./Core/Src/sysmem.o
LOAD ./Core/Src/system_stm32l4xx.o
LOAD ./Core/Src/tim.o
LOAD ./Core/Src/usart.o
LOAD ./Core/Startup/startup_stm32l476rgtx.o
LOAD ./Drivers/STM32L4xx_HAL_Driver/Src/stm32l4xx_hal.o
LOAD ./Drivers/STM32L4xx_HAL_Driver/Src/stm32l4xx_hal_cortex.o
LOAD ./Drivers/STM32L4xx_HAL_Driver/Src/stm32l4xx_hal_dma.o
LOAD ./Drivers/STM32L4xx_HAL_Driver/Src/stm32l4xx_hal_dma_ex.o
LOAD ./Drivers/STM32L4xx_HAL_Driver/Src/stm32l4xx_hal_exti.o
LOAD ./Drivers/STM32L4xx_HAL_Driver/Src/stm32l4xx_hal_flash.o
LOAD ./Drivers/STM32L4xx_HAL_Driver/Src/stm32l4xx_hal_flash_ex.o
LOAD ./Drivers/STM32L4xx_HAL_Driver/Src/stm32l4xx_hal_flash_ramfunc.o
LOAD ./Drivers/STM32L4xx_HAL_Driver/Src/stm32l4xx_hal_gpio.o
LOAD ./Drivers/STM32L4xx_HAL_Driver/Src/stm32l4xx_hal_i2c.o
LOAD ./Drivers/STM32L4xx_HAL_Driver/Src/stm32l4xx_hal_i2c_ex.o
LOAD ./Drivers/STM32L4xx_HAL_Driver/Src/stm32l4xx_hal_pwr.o
LOAD ./Drivers/STM32L4xx_HAL_Driver/Src/stm32l4xx_hal_pwr_ex.o
LOAD ./Drivers/STM32L4xx_HAL_Driver/Src/stm32l4xx_hal_rcc.o
LOAD ./Drivers/STM32L4xx_HAL_Driver/Src/stm32l4xx_hal_rcc_ex.o
LOAD ./Drivers/STM32L4xx_HAL_Driver/Src/stm32l4xx_hal_tim.o
LOAD ./Drivers/STM32L4xx_HAL_Driver/Src/stm32l4xx_hal_tim_ex.o
LOAD ./Drivers/STM32L4xx_HAL_Driver/Src/stm32l4xx_hal_uart.o
LOAD ./Drivers/STM32L4xx_HAL_Driver/Src/stm32l4xx_hal_uart_ex.o
START GROUP
LOAD /Applications/STM32CubeIDE.app/Contents/Eclipse/plugins/com.st.stm32cube.ide.mcu.externaltools.gnu-tools-for-stm32.13.3.rel1.macos64_1.0.0.202411102158/tools/bin/../lib/gcc/arm-none-eabi/13.3.1/../../../../arm-none-eabi/lib/thumb/v7e-m+fp/hard/libc_nano.a
LOAD /Applications/STM32CubeIDE.app/Contents/Eclipse/plugins/com.st.stm32cube.ide.mcu.externaltools.gnu-tools-for-stm32.13.3.rel1.macos64_1.0.0.202411102158/tools/bin/../lib/gcc/arm-none-eabi/13.3.1/../../../../arm-none-eabi/lib/thumb/v7e-m+fp/hard/libm.a
END GROUP
START GROUP
LOAD /Applications/STM32CubeIDE.app/Contents/Eclipse/plugins/com.st.stm32cube.ide.mcu.externaltools.gnu-tools-for-stm32.13.3.rel1.macos64_1.0.0.202411102158/tools/bin/../lib/gcc/arm-none-eabi/13.3.1/thumb/v7e-m+fp/hard/libgcc.a
LOAD /Applications/STM32CubeIDE.app/Contents/Eclipse/plugins/com.st.stm32cube.ide.mcu.externaltools.gnu-tools-for-stm32.13.3.rel1.macos64_1.0.0.202411102158/tools/bin/../lib/gcc/arm-none-eabi/13.3.1/../../../../arm-none-eabi/lib/thumb/v7e-m+fp/hard/libc_nano.a
END GROUP
START GROUP
LOAD /Applications/STM32CubeIDE.app/Contents/Eclipse/plugins/com.st.stm32cube.ide.mcu.externaltools.gnu-tools-for-stm32.13.3.rel1.macos64_1.0.0.202411102158/tools/bin/../lib/gcc/arm-none-eabi/13.3.1/thumb/v7e-m+fp/hard/libgcc.a
LOAD /Applications/STM32CubeIDE.app/Contents/Eclipse/plugins/com.st.stm32cube.ide.mcu.externaltools.gnu-tools-for-stm32.13.3.rel1.macos64_1.0.0.202411102158/tools/bin/../lib/gcc/arm-none-eabi/13.3.1/../../../../arm-none-eabi/lib/thumb/v7e-m+fp/hard/libc_nano.a
LOAD /Applications/STM32CubeIDE.app/Contents/Eclipse/plugins/com.st.stm32cube.ide.mcu.externaltools.gnu-tools-for-stm32.13.3.rel1.macos64_1.0.0.202411102158/tools/bin/../lib/gcc/arm-none-eabi/13.3.1/../../../../arm-none-eabi/lib/thumb/v7e-m+fp/hard/libnosys.a
END GROUP
START GROUP
LOAD /Applications/STM32CubeIDE.app/Contents/Eclipse/plugins/com.st.stm32cube.ide.mcu.externaltools.gnu-tools-for-stm32.13.3.rel1.macos64_1.0.0.202411102158/tools/bin/../lib/gcc/arm-none-eabi/13.3.1/thumb/v7e-m+fp/hard/libgcc.a
LOAD /Applications/STM32CubeIDE.app/Contents/Eclipse/plugins/com.st.stm32cube.ide.mcu.externaltools.gnu-tools-for-stm32.13.3.rel1.macos64_1.0.0.202411102158/tools/bin/../lib/gcc/arm-none-eabi/13.3.1/../../../../arm-none-eabi/lib/thumb/v7e-m+fp/hard/libc_nano.a
LOAD /Applications/STM32CubeIDE.app/Contents/Eclipse/plugins/com.st.stm32cube.ide.mcu.externaltools.gnu-tools-for-stm32.13.3.rel1.macos64_1.0.0.202411102158/tools/bin/../lib/gcc/arm-none-eabi/13.3.1/../../../../arm-none-eabi/lib/thumb/v7e-m+fp/hard/libnosys.a
END GROUP
LOAD /Applications/STM32CubeIDE.app/Contents/Eclipse/plugins/com.st.stm32cube.ide.mcu.externaltools.gnu-tools-for-stm32.13.3.rel1.macos64_1.0.0.202411102158/tools/bin/../lib/gcc/arm-none-eabi/13.3.1/thumb/v7e-m+fp/hard/crtend.o
LOAD /Applications/STM32CubeIDE.app/Contents/Eclipse/plugins/com.st.stm32cube.ide.mcu.externaltools.gnu-tools-for-stm32.13.3.rel1.macos64_1.0.0.202411102158/tools/bin/../lib/gcc/arm-none-eabi/13.3.1/thumb/v7e-m+fp/hard/crtn.o
                0x20018000                        _estack = (ORIGIN (RAM) + LENGTH (RAM))
                0x00000200                        _Min_Heap_Size = 0x200
                0x00000400                        _Min_Stack_Size = 0x400

.isr_vector     0x08000000      0x188
                0x08000000                        . = ALIGN (0x4)
 *(.isr_vector)
 .isr_vector    0x08000000      0x188 ./Core/Startup/startup_stm32l476rgtx.o
                0x08000000                g_pfnVectors
                0x08000188                        . = ALIGN (0x4)

.text           0x08000190     0x6e44
                0x08000190                        . = ALIGN (0x4)
 *(.text)
 .text          0x08000190       0x40 /Applications/STM32CubeIDE.app/Contents/Eclipse/plugins/com.st.stm32cube.ide.mcu.externaltools.gnu-tools-for-stm32.13.3.rel1.macos64_1.0.0.202411102158/tools/bin/../lib/gcc/arm-none-eabi/13.3.1/thumb/v7e-m+fp/hard/crtbegin.o
 .text          0x080001d0       0x10 /Applications/STM32CubeIDE.app/Contents/Eclipse/plugins/com.st.stm32cube.ide.mcu.externaltools.gnu-tools-for-stm32.13.3.rel1.macos64_1.0.0.202411102158/tools/bin/../lib/gcc/arm-none-eabi/13.3.1/../../../../arm-none-eabi/lib/thumb/v7e-m+fp/hard/libc_nano.a(libc_a-strlen.o)
                0x080001d0                strlen
 .text          0x080001e0       0xa0 /Applications/STM32CubeIDE.app/Contents/Eclipse/plugins/com.st.stm32cube.ide.mcu.externaltools.gnu-tools-for-stm32.13.3.rel1.macos64_1.0.0.202411102158/tools/bin/../lib/gcc/arm-none-eabi/13.3.1/../../../../arm-none-eabi/lib/thumb/v7e-m+fp/hard/libc_nano.a(libc_a-memchr.o)
                0x080001e0                memchr
 .text          0x08000280       0x30 /Applications/STM32CubeIDE.app/Contents/Eclipse/plugins/com.st.stm32cube.ide.mcu.externaltools.gnu-tools-for-stm32.13.3.rel1.macos64_1.0.0.202411102158/tools/bin/../lib/gcc/arm-none-eabi/13.3.1/thumb/v7e-m+fp/hard/libgcc.a(_aeabi_uldivmod.o)
                0x08000280                __aeabi_uldivmod
 .text          0x080002b0      0x2f8 /Applications/STM32CubeIDE.app/Contents/Eclipse/plugins/com.st.stm32cube.ide.mcu.externaltools.gnu-tools-for-stm32.13.3.rel1.macos64_1.0.0.202411102158/tools/bin/../lib/gcc/arm-none-eabi/13.3.1/thumb/v7e-m+fp/hard/libgcc.a(_udivmoddi4.o)
                0x080002b0                __udivmoddi4
 .text          0x080005a8        0x4 /Applications/STM32CubeIDE.app/Contents/Eclipse/plugins/com.st.stm32cube.ide.mcu.externaltools.gnu-tools-for-stm32.13.3.rel1.macos64_1.0.0.202411102158/tools/bin/../lib/gcc/arm-none-eabi/13.3.1/thumb/v7e-m+fp/hard/libgcc.a(_dvmd_tls.o)
                0x080005a8                __aeabi_ldiv0
                0x080005a8                __aeabi_idiv0
 *(.text*)
 .text.dht_delay
                0x080005ac       0x34 ./Core/Src/dht11.o
                0x080005ac                dht_delay
 .text.DHT11_Init
                0x080005e0       0xe0 ./Core/Src/dht11.o
                0x080005e0                DHT11_Init
 .text.DHT11_Read
                0x080006c0       0xd4 ./Core/Src/dht11.o
                0x080006c0                DHT11_Read
 .text.MX_GPIO_Init
                0x08000794      0x114 ./Core/Src/gpio.o
                0x08000794                MX_GPIO_Init
 .text.delay_us
                0x080008a8       0x34 ./Core/Src/hx711.o
                0x080008a8                delay_us
 .text.HX711_Init
                0x080008dc       0x24 ./Core/Src/hx711.o
                0x080008dc                HX711_Init
 .text.HX711_ReadRaw
                0x08000900       0xcc ./Core/Src/hx711.o
                0x08000900                HX711_ReadRaw
 .text.HX711_GetWeight
                0x080009cc       0x70 ./Core/Src/hx711.o
                0x080009cc                HX711_GetWeight
 .text.MX_I2C1_Init
                0x08000a3c       0x80 ./Core/Src/i2c.o
                0x08000a3c                MX_I2C1_Init
 .text.HAL_I2C_MspInit
                0x08000abc       0xbc ./Core/Src/i2c.o
                0x08000abc                HAL_I2C_MspInit
 .text.lcd_init
                0x08000b78      0x1ec ./Core/Src/lib_lcd.o
                0x08000b78                lcd_init
 .text.clearlcd
                0x08000d64       0x34 ./Core/Src/lib_lcd.o
                0x08000d64                clearlcd
 .text.lcd_print
                0x08000d98       0x52 ./Core/Src/lib_lcd.o
                0x08000d98                lcd_print
 .text.lcd_position
                0x08000dea       0x50 ./Core/Src/lib_lcd.o
                0x08000dea                lcd_position
 *fill*         0x08000e3a        0x2 
 .text.reglagecouleur
                0x08000e3c       0x78 ./Core/Src/lib_lcd.o
                0x08000e3c                reglagecouleur
 .text.loraWAN_init
                0x08000eb4      0x104 ./Core/Src/lora.o
                0x08000eb4                loraWAN_init
 .text.loraWAN_send_data
                0x08000fb8       0xa0 ./Core/Src/lora.o
                0x08000fb8                loraWAN_send_data
 .text.main     0x08001058      0x490 ./Core/Src/main.o
                0x08001058                main
 .text.SystemClock_Config
                0x080014e8       0xac ./Core/Src/main.o
                0x080014e8                SystemClock_Config
 .text.HAL_GPIO_EXTI_Callback
                0x08001594       0x3c ./Core/Src/main.o
                0x08001594                HAL_GPIO_EXTI_Callback
 .text.AT_Send  0x080015d0       0xac ./Core/Src/main.o
                0x080015d0                AT_Send
 .text.HAL_UART_RxCpltCallback
                0x0800167c       0x70 ./Core/Src/main.o
                0x0800167c                HAL_UART_RxCpltCallback
 .text.Error_Handler
                0x080016ec        0xc ./Core/Src/main.o
                0x080016ec                Error_Handler
 .text.sht31_request
                0x080016f8       0x2e ./Core/Src/sht31.o
                0x080016f8                sht31_request
 *fill*         0x08001726        0x2 
 .text.sht31_read
                0x08001728       0xa8 ./Core/Src/sht31.o
                0x08001728                sht31_read
 .text.lcd_affichage
                0x080017d0      0x150 ./Core/Src/sht31.o
                0x080017d0                lcd_affichage
 .text.HAL_MspInit
                0x08001920       0x48 ./Core/Src/stm32l4xx_hal_msp.o
                0x08001920                HAL_MspInit
 .text.NMI_Handler
                0x08001968        0x8 ./Core/Src/stm32l4xx_it.o
                0x08001968                NMI_Handler
 .text.HardFault_Handler
                0x08001970        0x8 ./Core/Src/stm32l4xx_it.o
                0x08001970                HardFault_Handler
 .text.MemManage_Handler
                0x08001978        0x8 ./Core/Src/stm32l4xx_it.o
                0x08001978                MemManage_Handler
 .text.BusFault_Handler
                0x08001980        0x8 ./Core/Src/stm32l4xx_it.o
                0x08001980                BusFault_Handler
 .text.UsageFault_Handler
                0x08001988        0x8 ./Core/Src/stm32l4xx_it.o
                0x08001988                UsageFault_Handler
 .text.SVC_Handler
                0x08001990        0xe ./Core/Src/stm32l4xx_it.o
                0x08001990                SVC_Handler
 .text.DebugMon_Handler
                0x0800199e        0xe ./Core/Src/stm32l4xx_it.o
                0x0800199e                DebugMon_Handler
 .text.PendSV_Handler
                0x080019ac        0xe ./Core/Src/stm32l4xx_it.o
                0x080019ac                PendSV_Handler
 .text.SysTick_Handler
                0x080019ba        0xc ./Core/Src/stm32l4xx_it.o
                0x080019ba                SysTick_Handler
 .text.EXTI9_5_IRQHandler
                0x080019c6        0xe ./Core/Src/stm32l4xx_it.o
                0x080019c6                EXTI9_5_IRQHandler
 .text.USART3_IRQHandler
                0x080019d4       0x14 ./Core/Src/stm32l4xx_it.o
                0x080019d4                USART3_IRQHandler
 .text._sbrk    0x080019e8       0x6c ./Core/Src/sysmem.o
                0x080019e8                _sbrk
 .text.SystemInit
                0x08001a54       0x24 ./Core/Src/system_stm32l4xx.o
                0x08001a54                SystemInit
 .text.MX_TIM16_Init
                0x08001a78       0x4c ./Core/Src/tim.o
                0x08001a78                MX_TIM16_Init
 .text.HAL_TIM_Base_MspInit
                0x08001ac4       0x40 ./Core/Src/tim.o
                0x08001ac4                HAL_TIM_Base_MspInit
 .text.MX_USART2_UART_Init
                0x08001b04       0x60 ./Core/Src/usart.o
                0x08001b04                MX_USART2_UART_Init
 .text.MX_USART3_UART_Init
                0x08001b64       0x60 ./Core/Src/usart.o
                0x08001b64                MX_USART3_UART_Init
 .text.HAL_UART_MspInit
                0x08001bc4      0x154 ./Core/Src/usart.o
                0x08001bc4                HAL_UART_MspInit
 .text.Reset_Handler
                0x08001d18       0x50 ./Core/Startup/startup_stm32l476rgtx.o
                0x08001d18                Reset_Handler
 .text.Default_Handler
                0x08001d68        0x2 ./Core/Startup/startup_stm32l476rgtx.o
                0x08001d68                TIM1_BRK_TIM15_IRQHandler
                0x08001d68                EXTI2_IRQHandler
                0x08001d68                TIM8_TRG_COM_IRQHandler
                0x08001d68                TIM8_CC_IRQHandler
                0x08001d68                TIM1_CC_IRQHandler
                0x08001d68                TSC_IRQHandler
                0x08001d68                TAMP_STAMP_IRQHandler
                0x08001d68                EXTI3_IRQHandler
                0x08001d68                LPTIM2_IRQHandler
                0x08001d68                DFSDM1_FLT1_IRQHandler
                0x08001d68                I2C3_ER_IRQHandler
                0x08001d68                DFSDM1_FLT2_IRQHandler
                0x08001d68                EXTI0_IRQHandler
                0x08001d68                I2C2_EV_IRQHandler
                0x08001d68                CAN1_RX0_IRQHandler
                0x08001d68                FPU_IRQHandler
                0x08001d68                TIM1_UP_TIM16_IRQHandler
                0x08001d68                ADC1_2_IRQHandler
                0x08001d68                SPI1_IRQHandler
                0x08001d68                TIM6_DAC_IRQHandler
                0x08001d68                TIM8_UP_IRQHandler
                0x08001d68                DMA2_Channel2_IRQHandler
                0x08001d68                DMA1_Channel4_IRQHandler
                0x08001d68                SAI2_IRQHandler
                0x08001d68                DFSDM1_FLT3_IRQHandler
                0x08001d68                DMA1_Channel7_IRQHandler
                0x08001d68                CAN1_RX1_IRQHandler
                0x08001d68                LCD_IRQHandler
                0x08001d68                UART5_IRQHandler
                0x08001d68                ADC3_IRQHandler
                0x08001d68                TIM4_IRQHandler
                0x08001d68                DMA2_Channel1_IRQHandler
                0x08001d68                QUADSPI_IRQHandler
                0x08001d68                I2C1_EV_IRQHandler
                0x08001d68                DMA1_Channel6_IRQHandler
                0x08001d68                UART4_IRQHandler
                0x08001d68                DMA2_Channel4_IRQHandler
                0x08001d68                TIM3_IRQHandler
                0x08001d68                RCC_IRQHandler
                0x08001d68                DMA1_Channel1_IRQHandler
                0x08001d68                Default_Handler
                0x08001d68                DMA2_Channel7_IRQHandler
                0x08001d68                EXTI15_10_IRQHandler
                0x08001d68                TIM7_IRQHandler
                0x08001d68                SDMMC1_IRQHandler
                0x08001d68                TIM5_IRQHandler
                0x08001d68                I2C3_EV_IRQHandler
                0x08001d68                RTC_WKUP_IRQHandler
                0x08001d68                PVD_PVM_IRQHandler
                0x08001d68                SPI2_IRQHandler
                0x08001d68                CAN1_TX_IRQHandler
                0x08001d68                DMA2_Channel5_IRQHandler
                0x08001d68                DMA1_Channel5_IRQHandler
                0x08001d68                EXTI4_IRQHandler
                0x08001d68                RNG_IRQHandler
                0x08001d68                TIM1_TRG_COM_TIM17_IRQHandler
                0x08001d68                DMA1_Channel3_IRQHandler
                0x08001d68                COMP_IRQHandler
                0x08001d68                WWDG_IRQHandler
                0x08001d68                LPUART1_IRQHandler
                0x08001d68                DMA2_Channel6_IRQHandler
                0x08001d68                TIM2_IRQHandler
                0x08001d68                EXTI1_IRQHandler
                0x08001d68                USART2_IRQHandler
                0x08001d68                DFSDM1_FLT0_IRQHandler
                0x08001d68                I2C2_ER_IRQHandler
                0x08001d68                DMA1_Channel2_IRQHandler
                0x08001d68                TIM8_BRK_IRQHandler
                0x08001d68                CAN1_SCE_IRQHandler
                0x08001d68                FLASH_IRQHandler
                0x08001d68                USART1_IRQHandler
                0x08001d68                OTG_FS_IRQHandler
                0x08001d68                SPI3_IRQHandler
                0x08001d68                I2C1_ER_IRQHandler
                0x08001d68                FMC_IRQHandler
                0x08001d68                SWPMI1_IRQHandler
                0x08001d68                LPTIM1_IRQHandler
                0x08001d68                SAI1_IRQHandler
                0x08001d68                DMA2_Channel3_IRQHandler
                0x08001d68                RTC_Alarm_IRQHandler
 .text.HAL_Init
                0x08001d6a       0x30 ./Drivers/STM32L4xx_HAL_Driver/Src/stm32l4xx_hal.o
                0x08001d6a                HAL_Init
 *fill*         0x08001d9a        0x2 
 .text.HAL_InitTick
                0x08001d9c       0x78 ./Drivers/STM32L4xx_HAL_Driver/Src/stm32l4xx_hal.o
                0x08001d9c                HAL_InitTick
 .text.HAL_IncTick
                0x08001e14       0x28 ./Drivers/STM32L4xx_HAL_Driver/Src/stm32l4xx_hal.o
                0x08001e14                HAL_IncTick
 .text.HAL_GetTick
                0x08001e3c       0x18 ./Drivers/STM32L4xx_HAL_Driver/Src/stm32l4xx_hal.o
                0x08001e3c                HAL_GetTick
 .text.HAL_Delay
                0x08001e54       0x48 ./Drivers/STM32L4xx_HAL_Driver/Src/stm32l4xx_hal.o
                0x08001e54                HAL_Delay
 .text.__NVIC_SetPriorityGrouping
                0x08001e9c       0x48 ./Drivers/STM32L4xx_HAL_Driver/Src/stm32l4xx_hal_cortex.o
 .text.__NVIC_GetPriorityGrouping
                0x08001ee4       0x1c ./Drivers/STM32L4xx_HAL_Driver/Src/stm32l4xx_hal_cortex.o
 .text.__NVIC_EnableIRQ
                0x08001f00       0x3c ./Drivers/STM32L4xx_HAL_Driver/Src/stm32l4xx_hal_cortex.o
 .text.__NVIC_SetPriority
                0x08001f3c       0x54 ./Drivers/STM32L4xx_HAL_Driver/Src/stm32l4xx_hal_cortex.o
 .text.NVIC_EncodePriority
                0x08001f90       0x66 ./Drivers/STM32L4xx_HAL_Driver/Src/stm32l4xx_hal_cortex.o
 *fill*         0x08001ff6        0x2 
 .text.SysTick_Config
                0x08001ff8       0x44 ./Drivers/STM32L4xx_HAL_Driver/Src/stm32l4xx_hal_cortex.o
 .text.HAL_NVIC_SetPriorityGrouping
                0x0800203c       0x16 ./Drivers/STM32L4xx_HAL_Driver/Src/stm32l4xx_hal_cortex.o
                0x0800203c                HAL_NVIC_SetPriorityGrouping
 .text.HAL_NVIC_SetPriority
                0x08002052       0x38 ./Drivers/STM32L4xx_HAL_Driver/Src/stm32l4xx_hal_cortex.o
                0x08002052                HAL_NVIC_SetPriority
 .text.HAL_NVIC_EnableIRQ
                0x0800208a       0x1c ./Drivers/STM32L4xx_HAL_Driver/Src/stm32l4xx_hal_cortex.o
                0x0800208a                HAL_NVIC_EnableIRQ
 .text.HAL_SYSTICK_Config
                0x080020a6       0x18 ./Drivers/STM32L4xx_HAL_Driver/Src/stm32l4xx_hal_cortex.o
                0x080020a6                HAL_SYSTICK_Config
 .text.HAL_DMA_Abort
                0x080020be       0x82 ./Drivers/STM32L4xx_HAL_Driver/Src/stm32l4xx_hal_dma.o
                0x080020be                HAL_DMA_Abort
 .text.HAL_DMA_Abort_IT
                0x08002140       0x82 ./Drivers/STM32L4xx_HAL_Driver/Src/stm32l4xx_hal_dma.o
                0x08002140                HAL_DMA_Abort_IT
 *fill*         0x080021c2        0x2 
 .text.HAL_GPIO_Init
                0x080021c4      0x354 ./Drivers/STM32L4xx_HAL_Driver/Src/stm32l4xx_hal_gpio.o
                0x080021c4                HAL_GPIO_Init
 .text.HAL_GPIO_ReadPin
                0x08002518       0x30 ./Drivers/STM32L4xx_HAL_Driver/Src/stm32l4xx_hal_gpio.o
                0x08002518                HAL_GPIO_ReadPin
 .text.HAL_GPIO_WritePin
                0x08002548       0x30 ./Drivers/STM32L4xx_HAL_Driver/Src/stm32l4xx_hal_gpio.o
                0x08002548                HAL_GPIO_WritePin
 .text.HAL_GPIO_EXTI_IRQHandler
                0x08002578       0x30 ./Drivers/STM32L4xx_HAL_Driver/Src/stm32l4xx_hal_gpio.o
                0x08002578                HAL_GPIO_EXTI_IRQHandler
 .text.HAL_I2C_Init
                0x080025a8      0x136 ./Drivers/STM32L4xx_HAL_Driver/Src/stm32l4xx_hal_i2c.o
                0x080025a8                HAL_I2C_Init
 *fill*         0x080026de        0x2 
 .text.HAL_I2C_Master_Transmit
                0x080026e0      0x230 ./Drivers/STM32L4xx_HAL_Driver/Src/stm32l4xx_hal_i2c.o
                0x080026e0                HAL_I2C_Master_Transmit
 .text.HAL_I2C_Master_Receive
                0x08002910      0x1ec ./Drivers/STM32L4xx_HAL_Driver/Src/stm32l4xx_hal_i2c.o
                0x08002910                HAL_I2C_Master_Receive
 .text.HAL_I2C_IsDeviceReady
                0x08002afc      0x1e8 ./Drivers/STM32L4xx_HAL_Driver/Src/stm32l4xx_hal_i2c.o
                0x08002afc                HAL_I2C_IsDeviceReady
 .text.I2C_Flush_TXDR
                0x08002ce4       0x48 ./Drivers/STM32L4xx_HAL_Driver/Src/stm32l4xx_hal_i2c.o
 .text.I2C_WaitOnFlagUntilTimeout
                0x08002d2c       0xb2 ./Drivers/STM32L4xx_HAL_Driver/Src/stm32l4xx_hal_i2c.o
 .text.I2C_WaitOnTXISFlagUntilTimeout
                0x08002dde       0x8e ./Drivers/STM32L4xx_HAL_Driver/Src/stm32l4xx_hal_i2c.o
 .text.I2C_WaitOnSTOPFlagUntilTimeout
                0x08002e6c       0x86 ./Drivers/STM32L4xx_HAL_Driver/Src/stm32l4xx_hal_i2c.o
 *fill*         0x08002ef2        0x2 
 .text.I2C_WaitOnRXNEFlagUntilTimeout
                0x08002ef4      0x118 ./Drivers/STM32L4xx_HAL_Driver/Src/stm32l4xx_hal_i2c.o
 .text.I2C_IsErrorOccurred
                0x0800300c      0x1c0 ./Drivers/STM32L4xx_HAL_Driver/Src/stm32l4xx_hal_i2c.o
 .text.I2C_TransferConfig
                0x080031cc       0x64 ./Drivers/STM32L4xx_HAL_Driver/Src/stm32l4xx_hal_i2c.o
 .text.HAL_I2CEx_ConfigAnalogFilter
                0x08003230       0x96 ./Drivers/STM32L4xx_HAL_Driver/Src/stm32l4xx_hal_i2c_ex.o
                0x08003230                HAL_I2CEx_ConfigAnalogFilter
 .text.HAL_I2CEx_ConfigDigitalFilter
                0x080032c6       0x98 ./Drivers/STM32L4xx_HAL_Driver/Src/stm32l4xx_hal_i2c_ex.o
                0x080032c6                HAL_I2CEx_ConfigDigitalFilter
 *fill*         0x0800335e        0x2 
 .text.HAL_PWR_EnableBkUpAccess
                0x08003360       0x20 ./Drivers/STM32L4xx_HAL_Driver/Src/stm32l4xx_hal_pwr.o
                0x08003360                HAL_PWR_EnableBkUpAccess
 .text.HAL_PWREx_GetVoltageRange
                0x08003380       0x1c ./Drivers/STM32L4xx_HAL_Driver/Src/stm32l4xx_hal_pwr_ex.o
                0x08003380                HAL_PWREx_GetVoltageRange
 .text.HAL_PWREx_ControlVoltageScaling
                0x0800339c       0xac ./Drivers/STM32L4xx_HAL_Driver/Src/stm32l4xx_hal_pwr_ex.o
                0x0800339c                HAL_PWREx_ControlVoltageScaling
 .text.HAL_RCC_OscConfig
                0x08003448      0x7b8 ./Drivers/STM32L4xx_HAL_Driver/Src/stm32l4xx_hal_rcc.o
                0x08003448                HAL_RCC_OscConfig
 .text.HAL_RCC_ClockConfig
                0x08003c00      0x200 ./Drivers/STM32L4xx_HAL_Driver/Src/stm32l4xx_hal_rcc.o
                0x08003c00                HAL_RCC_ClockConfig
 .text.HAL_RCC_GetSysClockFreq
                0x08003e00      0x118 ./Drivers/STM32L4xx_HAL_Driver/Src/stm32l4xx_hal_rcc.o
                0x08003e00                HAL_RCC_GetSysClockFreq
 .text.HAL_RCC_GetHCLKFreq
                0x08003f18       0x18 ./Drivers/STM32L4xx_HAL_Driver/Src/stm32l4xx_hal_rcc.o
                0x08003f18                HAL_RCC_GetHCLKFreq
 .text.HAL_RCC_GetPCLK1Freq
                0x08003f30       0x2c ./Drivers/STM32L4xx_HAL_Driver/Src/stm32l4xx_hal_rcc.o
                0x08003f30                HAL_RCC_GetPCLK1Freq
 .text.HAL_RCC_GetPCLK2Freq
                0x08003f5c       0x2c ./Drivers/STM32L4xx_HAL_Driver/Src/stm32l4xx_hal_rcc.o
                0x08003f5c                HAL_RCC_GetPCLK2Freq
 .text.RCC_SetFlashLatencyFromMSIRange
                0x08003f88       0xc0 ./Drivers/STM32L4xx_HAL_Driver/Src/stm32l4xx_hal_rcc.o
 .text.HAL_RCCEx_PeriphCLKConfig
                0x08004048      0x5d4 ./Drivers/STM32L4xx_HAL_Driver/Src/stm32l4xx_hal_rcc_ex.o
                0x08004048                HAL_RCCEx_PeriphCLKConfig
 .text.HAL_RCCEx_EnableMSIPLLMode
                0x0800461c       0x20 ./Drivers/STM32L4xx_HAL_Driver/Src/stm32l4xx_hal_rcc_ex.o
                0x0800461c                HAL_RCCEx_EnableMSIPLLMode
 .text.RCCEx_PLLSAI1_Config
                0x0800463c      0x1e8 ./Drivers/STM32L4xx_HAL_Driver/Src/stm32l4xx_hal_rcc_ex.o
 .text.RCCEx_PLLSAI2_Config
                0x08004824      0x1bc ./Drivers/STM32L4xx_HAL_Driver/Src/stm32l4xx_hal_rcc_ex.o
 .text.HAL_TIM_Base_Init
                0x080049e0       0xae ./Drivers/STM32L4xx_HAL_Driver/Src/stm32l4xx_hal_tim.o
                0x080049e0                HAL_TIM_Base_Init
 *fill*         0x08004a8e        0x2 
 .text.HAL_TIM_Base_Start
                0x08004a90       0xd0 ./Drivers/STM32L4xx_HAL_Driver/Src/stm32l4xx_hal_tim.o
                0x08004a90                HAL_TIM_Base_Start
 .text.TIM_Base_SetConfig
                0x08004b60      0x140 ./Drivers/STM32L4xx_HAL_Driver/Src/stm32l4xx_hal_tim.o
                0x08004b60                TIM_Base_SetConfig
 .text.HAL_UART_Init
                0x08004ca0       0x9c ./Drivers/STM32L4xx_HAL_Driver/Src/stm32l4xx_hal_uart.o
                0x08004ca0                HAL_UART_Init
 .text.HAL_UART_Transmit
                0x08004d3c      0x126 ./Drivers/STM32L4xx_HAL_Driver/Src/stm32l4xx_hal_uart.o
                0x08004d3c                HAL_UART_Transmit
 .text.HAL_UART_Receive
                0x08004e62      0x1a0 ./Drivers/STM32L4xx_HAL_Driver/Src/stm32l4xx_hal_uart.o
                0x08004e62                HAL_UART_Receive
 *fill*         0x08005002        0x2 
 .text.HAL_UART_Receive_IT
                0x08005004       0x98 ./Drivers/STM32L4xx_HAL_Driver/Src/stm32l4xx_hal_uart.o
                0x08005004                HAL_UART_Receive_IT
 .text.HAL_UART_IRQHandler
                0x0800509c      0x60c ./Drivers/STM32L4xx_HAL_Driver/Src/stm32l4xx_hal_uart.o
                0x0800509c                HAL_UART_IRQHandler
 .text.HAL_UART_TxCpltCallback
                0x080056a8       0x14 ./Drivers/STM32L4xx_HAL_Driver/Src/stm32l4xx_hal_uart.o
                0x080056a8                HAL_UART_TxCpltCallback
 .text.HAL_UART_ErrorCallback
                0x080056bc       0x14 ./Drivers/STM32L4xx_HAL_Driver/Src/stm32l4xx_hal_uart.o
                0x080056bc                HAL_UART_ErrorCallback
 .text.HAL_UARTEx_RxEventCallback
                0x080056d0       0x18 ./Drivers/STM32L4xx_HAL_Driver/Src/stm32l4xx_hal_uart.o
                0x080056d0                HAL_UARTEx_RxEventCallback
 .text.UART_SetConfig
                0x080056e8      0x570 ./Drivers/STM32L4xx_HAL_Driver/Src/stm32l4xx_hal_uart.o
                0x080056e8                UART_SetConfig
 .text.UART_AdvFeatureConfig
                0x08005c58      0x144 ./Drivers/STM32L4xx_HAL_Driver/Src/stm32l4xx_hal_uart.o
                0x08005c58                UART_AdvFeatureConfig
 .text.UART_CheckIdleState
                0x08005d9c      0x150 ./Drivers/STM32L4xx_HAL_Driver/Src/stm32l4xx_hal_uart.o
                0x08005d9c                UART_CheckIdleState
 .text.UART_WaitOnFlagUntilTimeout
                0x08005eec       0xda ./Drivers/STM32L4xx_HAL_Driver/Src/stm32l4xx_hal_uart.o
                0x08005eec                UART_WaitOnFlagUntilTimeout
 *fill*         0x08005fc6        0x2 
 .text.UART_Start_Receive_IT
                0x08005fc8      0x18c ./Drivers/STM32L4xx_HAL_Driver/Src/stm32l4xx_hal_uart.o
                0x08005fc8                UART_Start_Receive_IT
 .text.UART_EndRxTransfer
                0x08006154       0xc8 ./Drivers/STM32L4xx_HAL_Driver/Src/stm32l4xx_hal_uart.o
 .text.UART_DMAAbortOnError
                0x0800621c       0x1c ./Drivers/STM32L4xx_HAL_Driver/Src/stm32l4xx_hal_uart.o
 .text.UART_EndTransmit_IT
                0x08006238       0x54 ./Drivers/STM32L4xx_HAL_Driver/Src/stm32l4xx_hal_uart.o
 .text.UART_RxISR_8BIT
                0x0800628c      0x1b8 ./Drivers/STM32L4xx_HAL_Driver/Src/stm32l4xx_hal_uart.o
 .text.UART_RxISR_16BIT
                0x08006444      0x1b8 ./Drivers/STM32L4xx_HAL_Driver/Src/stm32l4xx_hal_uart.o
 .text.HAL_UARTEx_WakeupCallback
                0x080065fc       0x14 ./Drivers/STM32L4xx_HAL_Driver/Src/stm32l4xx_hal_uart_ex.o
                0x080065fc                HAL_UARTEx_WakeupCallback
 .text.snprintf
                0x08006610       0x6c /Applications/STM32CubeIDE.app/Contents/Eclipse/plugins/com.st.stm32cube.ide.mcu.externaltools.gnu-tools-for-stm32.13.3.rel1.macos64_1.0.0.202411102158/tools/bin/../lib/gcc/arm-none-eabi/13.3.1/../../../../arm-none-eabi/lib/thumb/v7e-m+fp/hard/libc_nano.a(libc_a-snprintf.o)
                0x08006610                snprintf
                0x08006610                sniprintf
 .text.sprintf  0x0800667c       0x44 /Applications/STM32CubeIDE.app/Contents/Eclipse/plugins/com.st.stm32cube.ide.mcu.externaltools.gnu-tools-for-stm32.13.3.rel1.macos64_1.0.0.202411102158/tools/bin/../lib/gcc/arm-none-eabi/13.3.1/../../../../arm-none-eabi/lib/thumb/v7e-m+fp/hard/libc_nano.a(libc_a-sprintf.o)
                0x0800667c                sprintf
                0x0800667c                siprintf
 .text.memset   0x080066c0       0x10 /Applications/STM32CubeIDE.app/Contents/Eclipse/plugins/com.st.stm32cube.ide.mcu.externaltools.gnu-tools-for-stm32.13.3.rel1.macos64_1.0.0.202411102158/tools/bin/../lib/gcc/arm-none-eabi/13.3.1/../../../../arm-none-eabi/lib/thumb/v7e-m+fp/hard/libc_nano.a(libc_a-memset.o)
                0x080066c0                memset
 .text.__errno  0x080066d0        0xc /Applications/STM32CubeIDE.app/Contents/Eclipse/plugins/com.st.stm32cube.ide.mcu.externaltools.gnu-tools-for-stm32.13.3.rel1.macos64_1.0.0.202411102158/tools/bin/../lib/gcc/arm-none-eabi/13.3.1/../../../../arm-none-eabi/lib/thumb/v7e-m+fp/hard/libc_nano.a(libc_a-errno.o)
                0x080066d0                __errno
 .text.__libc_init_array
                0x080066dc       0x48 /Applications/STM32CubeIDE.app/Contents/Eclipse/plugins/com.st.stm32cube.ide.mcu.externaltools.gnu-tools-for-stm32.13.3.rel1.macos64_1.0.0.202411102158/tools/bin/../lib/gcc/arm-none-eabi/13.3.1/../../../../arm-none-eabi/lib/thumb/v7e-m+fp/hard/libc_nano.a(libc_a-init.o)
                0x080066dc                __libc_init_array
 .text.__retarget_lock_acquire_recursive
                0x08006724        0x2 /Applications/STM32CubeIDE.app/Contents/Eclipse/plugins/com.st.stm32cube.ide.mcu.externaltools.gnu-tools-for-stm32.13.3.rel1.macos64_1.0.0.202411102158/tools/bin/../lib/gcc/arm-none-eabi/13.3.1/../../../../arm-none-eabi/lib/thumb/v7e-m+fp/hard/libc_nano.a(libc_a-lock.o)
                0x08006724                __retarget_lock_acquire_recursive
 .text.__retarget_lock_release_recursive
                0x08006726        0x2 /Applications/STM32CubeIDE.app/Contents/Eclipse/plugins/com.st.stm32cube.ide.mcu.externaltools.gnu-tools-for-stm32.13.3.rel1.macos64_1.0.0.202411102158/tools/bin/../lib/gcc/arm-none-eabi/13.3.1/../../../../arm-none-eabi/lib/thumb/v7e-m+fp/hard/libc_nano.a(libc_a-lock.o)
                0x08006726                __retarget_lock_release_recursive
 .text.__ssputs_r
                0x08006728       0xb6 /Applications/STM32CubeIDE.app/Contents/Eclipse/plugins/com.st.stm32cube.ide.mcu.externaltools.gnu-tools-for-stm32.13.3.rel1.macos64_1.0.0.202411102158/tools/bin/../lib/gcc/arm-none-eabi/13.3.1/../../../../arm-none-eabi/lib/thumb/v7e-m+fp/hard/libc_nano.a(libc_a-nano-svfprintf.o)
                0x08006728                __ssputs_r
 *fill*         0x080067de        0x2 
 .text._svfprintf_r
                0x080067e0      0x1f8 /Applications/STM32CubeIDE.app/Contents/Eclipse/plugins/com.st.stm32cube.ide.mcu.externaltools.gnu-tools-for-stm32.13.3.rel1.macos64_1.0.0.202411102158/tools/bin/../lib/gcc/arm-none-eabi/13.3.1/../../../../arm-none-eabi/lib/thumb/v7e-m+fp/hard/libc_nano.a(libc_a-nano-svfprintf.o)
                0x080067e0                _svfprintf_r
                0x080067e0                _svfiprintf_r
 .text.sbrk_aligned
                0x080069d8       0x44 /Applications/STM32CubeIDE.app/Contents/Eclipse/plugins/com.st.stm32cube.ide.mcu.externaltools.gnu-tools-for-stm32.13.3.rel1.macos64_1.0.0.202411102158/tools/bin/../lib/gcc/arm-none-eabi/13.3.1/../../../../arm-none-eabi/lib/thumb/v7e-m+fp/hard/libc_nano.a(libc_a-mallocr.o)
 .text._malloc_r
                0x08006a1c      0x100 /Applications/STM32CubeIDE.app/Contents/Eclipse/plugins/com.st.stm32cube.ide.mcu.externaltools.gnu-tools-for-stm32.13.3.rel1.macos64_1.0.0.202411102158/tools/bin/../lib/gcc/arm-none-eabi/13.3.1/../../../../arm-none-eabi/lib/thumb/v7e-m+fp/hard/libc_nano.a(libc_a-mallocr.o)
                0x08006a1c                _malloc_r
 .text._printf_common
                0x08006b1c       0xda /Applications/STM32CubeIDE.app/Contents/Eclipse/plugins/com.st.stm32cube.ide.mcu.externaltools.gnu-tools-for-stm32.13.3.rel1.macos64_1.0.0.202411102158/tools/bin/../lib/gcc/arm-none-eabi/13.3.1/../../../../arm-none-eabi/lib/thumb/v7e-m+fp/hard/libc_nano.a(libc_a-nano-vfprintf_i.o)
                0x08006b1c                _printf_common
 *fill*         0x08006bf6        0x2 
 .text._printf_i
                0x08006bf8      0x23c /Applications/STM32CubeIDE.app/Contents/Eclipse/plugins/com.st.stm32cube.ide.mcu.externaltools.gnu-tools-for-stm32.13.3.rel1.macos64_1.0.0.202411102158/tools/bin/../lib/gcc/arm-none-eabi/13.3.1/../../../../arm-none-eabi/lib/thumb/v7e-m+fp/hard/libc_nano.a(libc_a-nano-vfprintf_i.o)
                0x08006bf8                _printf_i
 .text.__malloc_lock
                0x08006e34        0xc /Applications/STM32CubeIDE.app/Contents/Eclipse/plugins/com.st.stm32cube.ide.mcu.externaltools.gnu-tools-for-stm32.13.3.rel1.macos64_1.0.0.202411102158/tools/bin/../lib/gcc/arm-none-eabi/13.3.1/../../../../arm-none-eabi/lib/thumb/v7e-m+fp/hard/libc_nano.a(libc_a-mlock.o)
                0x08006e34                __malloc_lock
 .text.__malloc_unlock
                0x08006e40        0xc /Applications/STM32CubeIDE.app/Contents/Eclipse/plugins/com.st.stm32cube.ide.mcu.externaltools.gnu-tools-for-stm32.13.3.rel1.macos64_1.0.0.202411102158/tools/bin/../lib/gcc/arm-none-eabi/13.3.1/../../../../arm-none-eabi/lib/thumb/v7e-m+fp/hard/libc_nano.a(libc_a-mlock.o)
                0x08006e40                __malloc_unlock
 .text._realloc_r
                0x08006e4c       0x5c /Applications/STM32CubeIDE.app/Contents/Eclipse/plugins/com.st.stm32cube.ide.mcu.externaltools.gnu-tools-for-stm32.13.3.rel1.macos64_1.0.0.202411102158/tools/bin/../lib/gcc/arm-none-eabi/13.3.1/../../../../arm-none-eabi/lib/thumb/v7e-m+fp/hard/libc_nano.a(libc_a-reallocr.o)
                0x08006e4c                _realloc_r
 .text.memmove  0x08006ea8       0x34 /Applications/STM32CubeIDE.app/Contents/Eclipse/plugins/com.st.stm32cube.ide.mcu.externaltools.gnu-tools-for-stm32.13.3.rel1.macos64_1.0.0.202411102158/tools/bin/../lib/gcc/arm-none-eabi/13.3.1/../../../../arm-none-eabi/lib/thumb/v7e-m+fp/hard/libc_nano.a(libc_a-memmove.o)
                0x08006ea8                memmove
 .text._sbrk_r  0x08006edc       0x20 /Applications/STM32CubeIDE.app/Contents/Eclipse/plugins/com.st.stm32cube.ide.mcu.externaltools.gnu-tools-for-stm32.13.3.rel1.macos64_1.0.0.202411102158/tools/bin/../lib/gcc/arm-none-eabi/13.3.1/../../../../arm-none-eabi/lib/thumb/v7e-m+fp/hard/libc_nano.a(libc_a-sbrkr.o)
                0x08006edc                _sbrk_r
 .text.memcpy   0x08006efc       0x1c /Applications/STM32CubeIDE.app/Contents/Eclipse/plugins/com.st.stm32cube.ide.mcu.externaltools.gnu-tools-for-stm32.13.3.rel1.macos64_1.0.0.202411102158/tools/bin/../lib/gcc/arm-none-eabi/13.3.1/../../../../arm-none-eabi/lib/thumb/v7e-m+fp/hard/libc_nano.a(libc_a-memcpy-stub.o)
                0x08006efc                memcpy
 .text._free_r  0x08006f18       0x94 /Applications/STM32CubeIDE.app/Contents/Eclipse/plugins/com.st.stm32cube.ide.mcu.externaltools.gnu-tools-for-stm32.13.3.rel1.macos64_1.0.0.202411102158/tools/bin/../lib/gcc/arm-none-eabi/13.3.1/../../../../arm-none-eabi/lib/thumb/v7e-m+fp/hard/libc_nano.a(libc_a-freer.o)
                0x08006f18                _free_r
 .text._malloc_usable_size_r
                0x08006fac       0x10 /Applications/STM32CubeIDE.app/Contents/Eclipse/plugins/com.st.stm32cube.ide.mcu.externaltools.gnu-tools-for-stm32.13.3.rel1.macos64_1.0.0.202411102158/tools/bin/../lib/gcc/arm-none-eabi/13.3.1/../../../../arm-none-eabi/lib/thumb/v7e-m+fp/hard/libc_nano.a(libc_a-msizer.o)
                0x08006fac                _malloc_usable_size_r
 *(.glue_7)
 .glue_7        0x08006fbc        0x0 linker stubs
 *(.glue_7t)
 .glue_7t       0x08006fbc        0x0 linker stubs
 *(.eh_frame)
 .eh_frame      0x08006fbc        0x0 /Applications/STM32CubeIDE.app/Contents/Eclipse/plugins/com.st.stm32cube.ide.mcu.externaltools.gnu-tools-for-stm32.13.3.rel1.macos64_1.0.0.202411102158/tools/bin/../lib/gcc/arm-none-eabi/13.3.1/thumb/v7e-m+fp/hard/crtbegin.o
 *(.init)
 .init          0x08006fbc        0x4 /Applications/STM32CubeIDE.app/Contents/Eclipse/plugins/com.st.stm32cube.ide.mcu.externaltools.gnu-tools-for-stm32.13.3.rel1.macos64_1.0.0.202411102158/tools/bin/../lib/gcc/arm-none-eabi/13.3.1/thumb/v7e-m+fp/hard/crti.o
                0x08006fbc                _init
 .init          0x08006fc0        0x8 /Applications/STM32CubeIDE.app/Contents/Eclipse/plugins/com.st.stm32cube.ide.mcu.externaltools.gnu-tools-for-stm32.13.3.rel1.macos64_1.0.0.202411102158/tools/bin/../lib/gcc/arm-none-eabi/13.3.1/thumb/v7e-m+fp/hard/crtn.o
 *(.fini)
 .fini          0x08006fc8        0x4 /Applications/STM32CubeIDE.app/Contents/Eclipse/plugins/com.st.stm32cube.ide.mcu.externaltools.gnu-tools-for-stm32.13.3.rel1.macos64_1.0.0.202411102158/tools/bin/../lib/gcc/arm-none-eabi/13.3.1/thumb/v7e-m+fp/hard/crti.o
                0x08006fc8                _fini
 .fini          0x08006fcc        0x8 /Applications/STM32CubeIDE.app/Contents/Eclipse/plugins/com.st.stm32cube.ide.mcu.externaltools.gnu-tools-for-stm32.13.3.rel1.macos64_1.0.0.202411102158/tools/bin/../lib/gcc/arm-none-eabi/13.3.1/thumb/v7e-m+fp/hard/crtn.o
                0x08006fd4                        . = ALIGN (0x4)
                0x08006fd4                        _etext = .

.vfp11_veneer   0x08006fd4        0x0
 .vfp11_veneer  0x08006fd4        0x0 linker stubs

.v4_bx          0x08006fd4        0x0
 .v4_bx         0x08006fd4        0x0 linker stubs

.iplt           0x08006fd4        0x0
 .iplt          0x08006fd4        0x0 /Applications/STM32CubeIDE.app/Contents/Eclipse/plugins/com.st.stm32cube.ide.mcu.externaltools.gnu-tools-for-stm32.13.3.rel1.macos64_1.0.0.202411102158/tools/bin/../lib/gcc/arm-none-eabi/13.3.1/thumb/v7e-m+fp/hard/crtbegin.o

.rodata         0x08006fd4      0x364
                0x08006fd4                        . = ALIGN (0x4)
 *(.rodata)
 .rodata        0x08006fd4       0x11 ./Core/Src/lib_lcd.o
 *fill*         0x08006fe5        0x3 
 .rodata        0x08006fe8      0x192 ./Core/Src/lora.o
 *fill*         0x0800717a        0x2 
 .rodata        0x0800717c      0x11e ./Core/Src/main.o
 *fill*         0x0800729a        0x2 
 .rodata        0x0800729c       0x1e ./Core/Src/sht31.o
 *(.rodata*)
 *fill*         0x080072ba        0x2 
 .rodata.AHBPrescTable
                0x080072bc       0x10 ./Core/Src/system_stm32l4xx.o
                0x080072bc                AHBPrescTable
 .rodata.APBPrescTable
                0x080072cc        0x8 ./Core/Src/system_stm32l4xx.o
                0x080072cc                APBPrescTable
 .rodata.MSIRangeTable
                0x080072d4       0x30 ./Core/Src/system_stm32l4xx.o
                0x080072d4                MSIRangeTable
 .rodata._svfprintf_r.str1.1
                0x08007304       0x33 /Applications/STM32CubeIDE.app/Contents/Eclipse/plugins/com.st.stm32cube.ide.mcu.externaltools.gnu-tools-for-stm32.13.3.rel1.macos64_1.0.0.202411102158/tools/bin/../lib/gcc/arm-none-eabi/13.3.1/../../../../arm-none-eabi/lib/thumb/v7e-m+fp/hard/libc_nano.a(libc_a-nano-svfprintf.o)
                                 0x11 (size before relaxing)
 .rodata._printf_i.str1.1
                0x08007337       0x22 /Applications/STM32CubeIDE.app/Contents/Eclipse/plugins/com.st.stm32cube.ide.mcu.externaltools.gnu-tools-for-stm32.13.3.rel1.macos64_1.0.0.202411102158/tools/bin/../lib/gcc/arm-none-eabi/13.3.1/../../../../arm-none-eabi/lib/thumb/v7e-m+fp/hard/libc_nano.a(libc_a-nano-vfprintf_i.o)
                0x0800735c                        . = ALIGN (0x4)
 *fill*         0x08007337        0x1 

.ARM.extab      0x08007338        0x0
                0x08007338                        . = ALIGN (0x4)
 *(.ARM.extab* .gnu.linkonce.armextab.*)
                0x08007338                        . = ALIGN (0x4)

.ARM            0x08007338        0x8
                0x08007338                        . = ALIGN (0x4)
                0x08007338                        __exidx_start = .
 *(.ARM.exidx*)
 .ARM.exidx     0x08007338        0x8 /Applications/STM32CubeIDE.app/Contents/Eclipse/plugins/com.st.stm32cube.ide.mcu.externaltools.gnu-tools-for-stm32.13.3.rel1.macos64_1.0.0.202411102158/tools/bin/../lib/gcc/arm-none-eabi/13.3.1/../../../../arm-none-eabi/lib/thumb/v7e-m+fp/hard/libc_nano.a(libc_a-strlen.o)
 .ARM.exidx     0x08007340        0x0 /Applications/STM32CubeIDE.app/Contents/Eclipse/plugins/com.st.stm32cube.ide.mcu.externaltools.gnu-tools-for-stm32.13.3.rel1.macos64_1.0.0.202411102158/tools/bin/../lib/gcc/arm-none-eabi/13.3.1/../../../../arm-none-eabi/lib/thumb/v7e-m+fp/hard/libc_nano.a(libc_a-memchr.o)
                                  0x8 (size before relaxing)
 .ARM.exidx     0x08007340        0x0 /Applications/STM32CubeIDE.app/Contents/Eclipse/plugins/com.st.stm32cube.ide.mcu.externaltools.gnu-tools-for-stm32.13.3.rel1.macos64_1.0.0.202411102158/tools/bin/../lib/gcc/arm-none-eabi/13.3.1/thumb/v7e-m+fp/hard/libgcc.a(_udivmoddi4.o)
                                  0x8 (size before relaxing)
                0x08007340                        __exidx_end = .
                0x08007340                        . = ALIGN (0x4)

.preinit_array  0x08007340        0x0
                0x08007340                        . = ALIGN (0x4)
                0x08007340                        PROVIDE (__preinit_array_start = .)
 *(.preinit_array*)
                0x08007340                        PROVIDE (__preinit_array_end = .)
                0x08007340                        . = ALIGN (0x4)

.init_array     0x08007340        0x4
                0x08007340                        . = ALIGN (0x4)
                0x08007340                        PROVIDE (__init_array_start = .)
 *(SORT_BY_NAME(.init_array.*))
 *(.init_array*)
 .init_array    0x08007340        0x4 /Applications/STM32CubeIDE.app/Contents/Eclipse/plugins/com.st.stm32cube.ide.mcu.externaltools.gnu-tools-for-stm32.13.3.rel1.macos64_1.0.0.202411102158/tools/bin/../lib/gcc/arm-none-eabi/13.3.1/thumb/v7e-m+fp/hard/crtbegin.o
                0x08007344                        PROVIDE (__init_array_end = .)
                0x08007344                        . = ALIGN (0x4)

.fini_array     0x08007344        0x4
                0x08007344                        . = ALIGN (0x4)
                [!provide]                        PROVIDE (__fini_array_start = .)
 *(SORT_BY_NAME(.fini_array.*))
 *(.fini_array*)
 .fini_array    0x08007344        0x4 /Applications/STM32CubeIDE.app/Contents/Eclipse/plugins/com.st.stm32cube.ide.mcu.externaltools.gnu-tools-for-stm32.13.3.rel1.macos64_1.0.0.202411102158/tools/bin/../lib/gcc/arm-none-eabi/13.3.1/thumb/v7e-m+fp/hard/crtbegin.o
                [!provide]                        PROVIDE (__fini_array_end = .)
                0x08007348                        . = ALIGN (0x4)
                0x08007348                        _sidata = LOADADDR (.data)

.rel.dyn        0x08007348        0x0
 .rel.iplt      0x08007348        0x0 /Applications/STM32CubeIDE.app/Contents/Eclipse/plugins/com.st.stm32cube.ide.mcu.externaltools.gnu-tools-for-stm32.13.3.rel1.macos64_1.0.0.202411102158/tools/bin/../lib/gcc/arm-none-eabi/13.3.1/thumb/v7e-m+fp/hard/crtbegin.o

.data           0x20000000       0x5c load address 0x08007348
                0x20000000                        . = ALIGN (0x4)
                0x20000000                        _sdata = .
 *(.data)
 *(.data*)
 .data.SystemCoreClock
                0x20000000        0x4 ./Core/Src/system_stm32l4xx.o
                0x20000000                SystemCoreClock
 .data.uwTickPrio
                0x20000004        0x4 ./Drivers/STM32L4xx_HAL_Driver/Src/stm32l4xx_hal.o
                0x20000004                uwTickPrio
 .data.uwTickFreq
                0x20000008        0x1 ./Drivers/STM32L4xx_HAL_Driver/Src/stm32l4xx_hal.o
                0x20000008                uwTickFreq
 *fill*         0x20000009        0x3 
 .data._impure_ptr
                0x2000000c        0x4 /Applications/STM32CubeIDE.app/Contents/Eclipse/plugins/com.st.stm32cube.ide.mcu.externaltools.gnu-tools-for-stm32.13.3.rel1.macos64_1.0.0.202411102158/tools/bin/../lib/gcc/arm-none-eabi/13.3.1/../../../../arm-none-eabi/lib/thumb/v7e-m+fp/hard/libc_nano.a(libc_a-impure.o)
                0x2000000c                _impure_ptr
 .data._impure_data
                0x20000010       0x4c /Applications/STM32CubeIDE.app/Contents/Eclipse/plugins/com.st.stm32cube.ide.mcu.externaltools.gnu-tools-for-stm32.13.3.rel1.macos64_1.0.0.202411102158/tools/bin/../lib/gcc/arm-none-eabi/13.3.1/../../../../arm-none-eabi/lib/thumb/v7e-m+fp/hard/libc_nano.a(libc_a-impure.o)
                0x20000010                _impure_data
 *(.RamFunc)
 *(.RamFunc*)
                0x2000005c                        . = ALIGN (0x4)
                0x2000005c                        _edata = .

.igot.plt       0x2000005c        0x0 load address 0x080073a4
 .igot.plt      0x2000005c        0x0 /Applications/STM32CubeIDE.app/Contents/Eclipse/plugins/com.st.stm32cube.ide.mcu.externaltools.gnu-tools-for-stm32.13.3.rel1.macos64_1.0.0.202411102158/tools/bin/../lib/gcc/arm-none-eabi/13.3.1/thumb/v7e-m+fp/hard/crtbegin.o
                0x2000005c                        . = ALIGN (0x4)

.bss            0x2000005c      0x650 load address 0x080073a4
                0x2000005c                        _sbss = .
                0x2000005c                        __bss_start__ = _sbss
 *(.bss)
 .bss           0x2000005c       0x1c /Applications/STM32CubeIDE.app/Contents/Eclipse/plugins/com.st.stm32cube.ide.mcu.externaltools.gnu-tools-for-stm32.13.3.rel1.macos64_1.0.0.202411102158/tools/bin/../lib/gcc/arm-none-eabi/13.3.1/thumb/v7e-m+fp/hard/crtbegin.o
 *(.bss*)
 .bss.hi2c1     0x20000078       0x54 ./Core/Src/i2c.o
                0x20000078                hi2c1
 .bss.rx_buffer
                0x200000cc      0x100 ./Core/Src/main.o
                0x200000cc                rx_buffer
 .bss.rx_byte   0x200001cc        0x1 ./Core/Src/main.o
                0x200001cc                rx_byte
 .bss.rx_index  0x200001cd        0x1 ./Core/Src/main.o
                0x200001cd                rx_index
 .bss.rx_complete
                0x200001ce        0x1 ./Core/Src/main.o
                0x200001ce                rx_complete
 *fill*         0x200001cf        0x1 
 .bss.rxBuf     0x200001d0       0xfe ./Core/Src/main.o
                0x200001d0                rxBuf
 *fill*         0x200002ce        0x2 
 .bss.lcd_buf   0x200002d0       0xfe ./Core/Src/main.o
                0x200002d0                lcd_buf
 *fill*         0x200003ce        0x2 
 .bss.lcddata   0x200003d0        0x3 ./Core/Src/main.o
                0x200003d0                lcddata
 *fill*         0x200003d3        0x1 
 .bss.hx711     0x200003d4       0x18 ./Core/Src/main.o
                0x200003d4                hx711
 .bss.RH1       0x200003ec        0x1 ./Core/Src/main.o
                0x200003ec                RH1
 .bss.RH2       0x200003ed        0x1 ./Core/Src/main.o
                0x200003ed                RH2
 .bss.TC1       0x200003ee        0x1 ./Core/Src/main.o
                0x200003ee                TC1
 .bss.TC2       0x200003ef        0x1 ./Core/Src/main.o
                0x200003ef                TC2
 .bss.SUM       0x200003f0        0x1 ./Core/Src/main.o
                0x200003f0                SUM
 .bss.Check     0x200003f1        0x1 ./Core/Src/main.o
                0x200003f1                Check
 *fill*         0x200003f2        0x2 
 .bss.temp_in   0x200003f4        0x4 ./Core/Src/main.o
                0x200003f4                temp_in
 .bss.hum_in    0x200003f8        0x4 ./Core/Src/main.o
                0x200003f8                hum_in
 .bss.pir_detected
                0x200003fc        0x1 ./Core/Src/main.o
                0x200003fc                pir_detected
 *fill*         0x200003fd        0x3 
 .bss.__sbrk_heap_end
                0x20000400        0x4 ./Core/Src/sysmem.o
 .bss.htim16    0x20000404       0x4c ./Core/Src/tim.o
                0x20000404                htim16
 .bss.huart2    0x20000450       0x88 ./Core/Src/usart.o
                0x20000450                huart2
 .bss.huart3    0x200004d8       0x88 ./Core/Src/usart.o
                0x200004d8                huart3
 .bss.uwTick    0x20000560        0x4 ./Drivers/STM32L4xx_HAL_Driver/Src/stm32l4xx_hal.o
                0x20000560                uwTick
 .bss.__sf      0x20000564      0x138 /Applications/STM32CubeIDE.app/Contents/Eclipse/plugins/com.st.stm32cube.ide.mcu.externaltools.gnu-tools-for-stm32.13.3.rel1.macos64_1.0.0.202411102158/tools/bin/../lib/gcc/arm-none-eabi/13.3.1/../../../../arm-none-eabi/lib/thumb/v7e-m+fp/hard/libc_nano.a(libc_a-findfp.o)
                0x20000564                __sf
 .bss.__lock___malloc_recursive_mutex
                0x2000069c        0x1 /Applications/STM32CubeIDE.app/Contents/Eclipse/plugins/com.st.stm32cube.ide.mcu.externaltools.gnu-tools-for-stm32.13.3.rel1.macos64_1.0.0.202411102158/tools/bin/../lib/gcc/arm-none-eabi/13.3.1/../../../../arm-none-eabi/lib/thumb/v7e-m+fp/hard/libc_nano.a(libc_a-lock.o)
                0x2000069c                __lock___malloc_recursive_mutex
 *fill*         0x2000069d        0x3 
 .bss.__malloc_sbrk_start
                0x200006a0        0x4 /Applications/STM32CubeIDE.app/Contents/Eclipse/plugins/com.st.stm32cube.ide.mcu.externaltools.gnu-tools-for-stm32.13.3.rel1.macos64_1.0.0.202411102158/tools/bin/../lib/gcc/arm-none-eabi/13.3.1/../../../../arm-none-eabi/lib/thumb/v7e-m+fp/hard/libc_nano.a(libc_a-mallocr.o)
                0x200006a0                __malloc_sbrk_start
 .bss.__malloc_free_list
                0x200006a4        0x4 /Applications/STM32CubeIDE.app/Contents/Eclipse/plugins/com.st.stm32cube.ide.mcu.externaltools.gnu-tools-for-stm32.13.3.rel1.macos64_1.0.0.202411102158/tools/bin/../lib/gcc/arm-none-eabi/13.3.1/../../../../arm-none-eabi/lib/thumb/v7e-m+fp/hard/libc_nano.a(libc_a-mallocr.o)
                0x200006a4                __malloc_free_list
 .bss.errno     0x200006a8        0x4 /Applications/STM32CubeIDE.app/Contents/Eclipse/plugins/com.st.stm32cube.ide.mcu.externaltools.gnu-tools-for-stm32.13.3.rel1.macos64_1.0.0.202411102158/tools/bin/../lib/gcc/arm-none-eabi/13.3.1/../../../../arm-none-eabi/lib/thumb/v7e-m+fp/hard/libc_nano.a(libc_a-reent.o)
                0x200006a8                errno
 *(COMMON)
                0x200006ac                        . = ALIGN (0x4)
                0x200006ac                        _ebss = .
                0x200006ac                        __bss_end__ = _ebss

._user_heap_stack
                0x200006ac      0x604 load address 0x080073a4
                0x200006b0                        . = ALIGN (0x8)
 *fill*         0x200006ac        0x4 
                [!provide]                        PROVIDE (end = .)
                0x200006b0                        PROVIDE (_end = .)
                0x200008b0                        . = (. + _Min_Heap_Size)
 *fill*         0x200006b0      0x200 
                0x20000cb0                        . = (. + _Min_Stack_Size)
 *fill*         0x200008b0      0x400 
                0x20000cb0                        . = ALIGN (0x8)

/DISCARD/
 libc.a(*)
 libm.a(*)
 libgcc.a(*)

.ARM.attributes
                0x00000000       0x30
 *(.ARM.attributes)
 .ARM.attributes
                0x00000000       0x22 /Applications/STM32CubeIDE.app/Contents/Eclipse/plugins/com.st.stm32cube.ide.mcu.externaltools.gnu-tools-for-stm32.13.3.rel1.macos64_1.0.0.202411102158/tools/bin/../lib/gcc/arm-none-eabi/13.3.1/thumb/v7e-m+fp/hard/crti.o
 .ARM.attributes
                0x00000022       0x34 /Applications/STM32CubeIDE.app/Contents/Eclipse/plugins/com.st.stm32cube.ide.mcu.externaltools.gnu-tools-for-stm32.13.3.rel1.macos64_1.0.0.202411102158/tools/bin/../lib/gcc/arm-none-eabi/13.3.1/thumb/v7e-m+fp/hard/crtbegin.o
 .ARM.attributes
                0x00000056       0x34 ./Core/Src/dht11.o
 .ARM.attributes
                0x0000008a       0x34 ./Core/Src/gpio.o
 .ARM.attributes
                0x000000be       0x34 ./Core/Src/hx711.o
 .ARM.attributes
                0x000000f2       0x34 ./Core/Src/i2c.o
 .ARM.attributes
                0x00000126       0x34 ./Core/Src/lib_lcd.o
 .ARM.attributes
                0x0000015a       0x34 ./Core/Src/lora.o
 .ARM.attributes
                0x0000018e       0x34 ./Core/Src/main.o
 .ARM.attributes
                0x000001c2       0x34 ./Core/Src/sht31.o
 .ARM.attributes
                0x000001f6       0x34 ./Core/Src/stm32l4xx_hal_msp.o
 .ARM.attributes
                0x0000022a       0x34 ./Core/Src/stm32l4xx_it.o
 .ARM.attributes
                0x0000025e       0x34 ./Core/Src/sysmem.o
 .ARM.attributes
                0x00000292       0x34 ./Core/Src/system_stm32l4xx.o
 .ARM.attributes
                0x000002c6       0x34 ./Core/Src/tim.o
 .ARM.attributes
                0x000002fa       0x34 ./Core/Src/usart.o
 .ARM.attributes
                0x0000032e       0x21 ./Core/Startup/startup_stm32l476rgtx.o
 .ARM.attributes
                0x0000034f       0x34 ./Drivers/STM32L4xx_HAL_Driver/Src/stm32l4xx_hal.o
 .ARM.attributes
                0x00000383       0x34 ./Drivers/STM32L4xx_HAL_Driver/Src/stm32l4xx_hal_cortex.o
 .ARM.attributes
                0x000003b7       0x34 ./Drivers/STM32L4xx_HAL_Driver/Src/stm32l4xx_hal_dma.o
 .ARM.attributes
                0x000003eb       0x34 ./Drivers/STM32L4xx_HAL_Driver/Src/stm32l4xx_hal_gpio.o
 .ARM.attributes
                0x0000041f       0x34 ./Drivers/STM32L4xx_HAL_Driver/Src/stm32l4xx_hal_i2c.o
 .ARM.attributes
                0x00000453       0x34 ./Drivers/STM32L4xx_HAL_Driver/Src/stm32l4xx_hal_i2c_ex.o
 .ARM.attributes
                0x00000487       0x34 ./Drivers/STM32L4xx_HAL_Driver/Src/stm32l4xx_hal_pwr.o
 .ARM.attributes
                0x000004bb       0x34 ./Drivers/STM32L4xx_HAL_Driver/Src/stm32l4xx_hal_pwr_ex.o
 .ARM.attributes
                0x000004ef       0x34 ./Drivers/STM32L4xx_HAL_Driver/Src/stm32l4xx_hal_rcc.o
 .ARM.attributes
                0x00000523       0x34 ./Drivers/STM32L4xx_HAL_Driver/Src/stm32l4xx_hal_rcc_ex.o
 .ARM.attributes
                0x00000557       0x34 ./Drivers/STM32L4xx_HAL_Driver/Src/stm32l4xx_hal_tim.o
 .ARM.attributes
                0x0000058b       0x34 ./Drivers/STM32L4xx_HAL_Driver/Src/stm32l4xx_hal_uart.o
 .ARM.attributes
                0x000005bf       0x34 ./Drivers/STM32L4xx_HAL_Driver/Src/stm32l4xx_hal_uart_ex.o
 .ARM.attributes
                0x000005f3       0x34 /Applications/STM32CubeIDE.app/Contents/Eclipse/plugins/com.st.stm32cube.ide.mcu.externaltools.gnu-tools-for-stm32.13.3.rel1.macos64_1.0.0.202411102158/tools/bin/../lib/gcc/arm-none-eabi/13.3.1/../../../../arm-none-eabi/lib/thumb/v7e-m+fp/hard/libc_nano.a(libc_a-snprintf.o)
 .ARM.attributes
                0x00000627       0x34 /Applications/STM32CubeIDE.app/Contents/Eclipse/plugins/com.st.stm32cube.ide.mcu.externaltools.gnu-tools-for-stm32.13.3.rel1.macos64_1.0.0.202411102158/tools/bin/../lib/gcc/arm-none-eabi/13.3.1/../../../../arm-none-eabi/lib/thumb/v7e-m+fp/hard/libc_nano.a(libc_a-sprintf.o)
 .ARM.attributes
                0x0000065b       0x34 /Applications/STM32CubeIDE.app/Contents/Eclipse/plugins/com.st.stm32cube.ide.mcu.externaltools.gnu-tools-for-stm32.13.3.rel1.macos64_1.0.0.202411102158/tools/bin/../lib/gcc/arm-none-eabi/13.3.1/../../../../arm-none-eabi/lib/thumb/v7e-m+fp/hard/libc_nano.a(libc_a-findfp.o)
 .ARM.attributes
                0x0000068f       0x34 /Applications/STM32CubeIDE.app/Contents/Eclipse/plugins/com.st.stm32cube.ide.mcu.externaltools.gnu-tools-for-stm32.13.3.rel1.macos64_1.0.0.202411102158/tools/bin/../lib/gcc/arm-none-eabi/13.3.1/../../../../arm-none-eabi/lib/thumb/v7e-m+fp/hard/libc_nano.a(libc_a-memset.o)
 .ARM.attributes
                0x000006c3       0x34 /Applications/STM32CubeIDE.app/Contents/Eclipse/plugins/com.st.stm32cube.ide.mcu.externaltools.gnu-tools-for-stm32.13.3.rel1.macos64_1.0.0.202411102158/tools/bin/../lib/gcc/arm-none-eabi/13.3.1/../../../../arm-none-eabi/lib/thumb/v7e-m+fp/hard/libc_nano.a(libc_a-errno.o)
 .ARM.attributes
                0x000006f7       0x34 /Applications/STM32CubeIDE.app/Contents/Eclipse/plugins/com.st.stm32cube.ide.mcu.externaltools.gnu-tools-for-stm32.13.3.rel1.macos64_1.0.0.202411102158/tools/bin/../lib/gcc/arm-none-eabi/13.3.1/../../../../arm-none-eabi/lib/thumb/v7e-m+fp/hard/libc_nano.a(libc_a-init.o)
 .ARM.attributes
                0x0000072b       0x34 /Applications/STM32CubeIDE.app/Contents/Eclipse/plugins/com.st.stm32cube.ide.mcu.externaltools.gnu-tools-for-stm32.13.3.rel1.macos64_1.0.0.202411102158/tools/bin/../lib/gcc/arm-none-eabi/13.3.1/../../../../arm-none-eabi/lib/thumb/v7e-m+fp/hard/libc_nano.a(libc_a-lock.o)
 .ARM.attributes
                0x0000075f       0x34 /Applications/STM32CubeIDE.app/Contents/Eclipse/plugins/com.st.stm32cube.ide.mcu.externaltools.gnu-tools-for-stm32.13.3.rel1.macos64_1.0.0.202411102158/tools/bin/../lib/gcc/arm-none-eabi/13.3.1/../../../../arm-none-eabi/lib/thumb/v7e-m+fp/hard/libc_nano.a(libc_a-impure.o)
 .ARM.attributes
                0x00000793       0x17 /Applications/STM32CubeIDE.app/Contents/Eclipse/plugins/com.st.stm32cube.ide.mcu.externaltools.gnu-tools-for-stm32.13.3.rel1.macos64_1.0.0.202411102158/tools/bin/../lib/gcc/arm-none-eabi/13.3.1/../../../../arm-none-eabi/lib/thumb/v7e-m+fp/hard/libc_nano.a(libc_a-strlen.o)
 .ARM.attributes
                0x000007aa       0x34 /Applications/STM32CubeIDE.app/Contents/Eclipse/plugins/com.st.stm32cube.ide.mcu.externaltools.gnu-tools-for-stm32.13.3.rel1.macos64_1.0.0.202411102158/tools/bin/../lib/gcc/arm-none-eabi/13.3.1/../../../../arm-none-eabi/lib/thumb/v7e-m+fp/hard/libc_nano.a(libc_a-nano-svfprintf.o)
 .ARM.attributes
                0x000007de       0x34 /Applications/STM32CubeIDE.app/Contents/Eclipse/plugins/com.st.stm32cube.ide.mcu.externaltools.gnu-tools-for-stm32.13.3.rel1.macos64_1.0.0.202411102158/tools/bin/../lib/gcc/arm-none-eabi/13.3.1/../../../../arm-none-eabi/lib/thumb/v7e-m+fp/hard/libc_nano.a(libc_a-mallocr.o)
 .ARM.attributes
                0x00000812       0x34 /Applications/STM32CubeIDE.app/Contents/Eclipse/plugins/com.st.stm32cube.ide.mcu.externaltools.gnu-tools-for-stm32.13.3.rel1.macos64_1.0.0.202411102158/tools/bin/../lib/gcc/arm-none-eabi/13.3.1/../../../../arm-none-eabi/lib/thumb/v7e-m+fp/hard/libc_nano.a(libc_a-nano-vfprintf_i.o)
 .ARM.attributes
                0x00000846       0x34 /Applications/STM32CubeIDE.app/Contents/Eclipse/plugins/com.st.stm32cube.ide.mcu.externaltools.gnu-tools-for-stm32.13.3.rel1.macos64_1.0.0.202411102158/tools/bin/../lib/gcc/arm-none-eabi/13.3.1/../../../../arm-none-eabi/lib/thumb/v7e-m+fp/hard/libc_nano.a(libc_a-mlock.o)
 .ARM.attributes
                0x0000087a       0x34 /Applications/STM32CubeIDE.app/Contents/Eclipse/plugins/com.st.stm32cube.ide.mcu.externaltools.gnu-tools-for-stm32.13.3.rel1.macos64_1.0.0.202411102158/tools/bin/../lib/gcc/arm-none-eabi/13.3.1/../../../../arm-none-eabi/lib/thumb/v7e-m+fp/hard/libc_nano.a(libc_a-reallocr.o)
 .ARM.attributes
                0x000008ae       0x34 /Applications/STM32CubeIDE.app/Contents/Eclipse/plugins/com.st.stm32cube.ide.mcu.externaltools.gnu-tools-for-stm32.13.3.rel1.macos64_1.0.0.202411102158/tools/bin/../lib/gcc/arm-none-eabi/13.3.1/../../../../arm-none-eabi/lib/thumb/v7e-m+fp/hard/libc_nano.a(libc_a-memmove.o)
 .ARM.attributes
                0x000008e2       0x34 /Applications/STM32CubeIDE.app/Contents/Eclipse/plugins/com.st.stm32cube.ide.mcu.externaltools.gnu-tools-for-stm32.13.3.rel1.macos64_1.0.0.202411102158/tools/bin/../lib/gcc/arm-none-eabi/13.3.1/../../../../arm-none-eabi/lib/thumb/v7e-m+fp/hard/libc_nano.a(libc_a-sbrkr.o)
 .ARM.attributes
                0x00000916       0x34 /Applications/STM32CubeIDE.app/Contents/Eclipse/plugins/com.st.stm32cube.ide.mcu.externaltools.gnu-tools-for-stm32.13.3.rel1.macos64_1.0.0.202411102158/tools/bin/../lib/gcc/arm-none-eabi/13.3.1/../../../../arm-none-eabi/lib/thumb/v7e-m+fp/hard/libc_nano.a(libc_a-reent.o)
 .ARM.attributes
                0x0000094a       0x1c /Applications/STM32CubeIDE.app/Contents/Eclipse/plugins/com.st.stm32cube.ide.mcu.externaltools.gnu-tools-for-stm32.13.3.rel1.macos64_1.0.0.202411102158/tools/bin/../lib/gcc/arm-none-eabi/13.3.1/../../../../arm-none-eabi/lib/thumb/v7e-m+fp/hard/libc_nano.a(libc_a-memchr.o)
 .ARM.attributes
                0x00000966       0x34 /Applications/STM32CubeIDE.app/Contents/Eclipse/plugins/com.st.stm32cube.ide.mcu.externaltools.gnu-tools-for-stm32.13.3.rel1.macos64_1.0.0.202411102158/tools/bin/../lib/gcc/arm-none-eabi/13.3.1/../../../../arm-none-eabi/lib/thumb/v7e-m+fp/hard/libc_nano.a(libc_a-memcpy-stub.o)
 .ARM.attributes
                0x0000099a       0x34 /Applications/STM32CubeIDE.app/Contents/Eclipse/plugins/com.st.stm32cube.ide.mcu.externaltools.gnu-tools-for-stm32.13.3.rel1.macos64_1.0.0.202411102158/tools/bin/../lib/gcc/arm-none-eabi/13.3.1/../../../../arm-none-eabi/lib/thumb/v7e-m+fp/hard/libc_nano.a(libc_a-freer.o)
 .ARM.attributes
                0x000009ce       0x34 /Applications/STM32CubeIDE.app/Contents/Eclipse/plugins/com.st.stm32cube.ide.mcu.externaltools.gnu-tools-for-stm32.13.3.rel1.macos64_1.0.0.202411102158/tools/bin/../lib/gcc/arm-none-eabi/13.3.1/../../../../arm-none-eabi/lib/thumb/v7e-m+fp/hard/libc_nano.a(libc_a-msizer.o)
 .ARM.attributes
                0x00000a02       0x22 /Applications/STM32CubeIDE.app/Contents/Eclipse/plugins/com.st.stm32cube.ide.mcu.externaltools.gnu-tools-for-stm32.13.3.rel1.macos64_1.0.0.202411102158/tools/bin/../lib/gcc/arm-none-eabi/13.3.1/thumb/v7e-m+fp/hard/libgcc.a(_aeabi_uldivmod.o)
 .ARM.attributes
                0x00000a24       0x34 /Applications/STM32CubeIDE.app/Contents/Eclipse/plugins/com.st.stm32cube.ide.mcu.externaltools.gnu-tools-for-stm32.13.3.rel1.macos64_1.0.0.202411102158/tools/bin/../lib/gcc/arm-none-eabi/13.3.1/thumb/v7e-m+fp/hard/libgcc.a(_udivmoddi4.o)
 .ARM.attributes
                0x00000a58       0x22 /Applications/STM32CubeIDE.app/Contents/Eclipse/plugins/com.st.stm32cube.ide.mcu.externaltools.gnu-tools-for-stm32.13.3.rel1.macos64_1.0.0.202411102158/tools/bin/../lib/gcc/arm-none-eabi/13.3.1/thumb/v7e-m+fp/hard/libgcc.a(_dvmd_tls.o)
 .ARM.attributes
                0x00000a7a       0x22 /Applications/STM32CubeIDE.app/Contents/Eclipse/plugins/com.st.stm32cube.ide.mcu.externaltools.gnu-tools-for-stm32.13.3.rel1.macos64_1.0.0.202411102158/tools/bin/../lib/gcc/arm-none-eabi/13.3.1/thumb/v7e-m+fp/hard/crtn.o
OUTPUT(RUCHE_LORA_L476RG.elf elf32-littlearm)
LOAD linker stubs
LOAD /Applications/STM32CubeIDE.app/Contents/Eclipse/plugins/com.st.stm32cube.ide.mcu.externaltools.gnu-tools-for-stm32.13.3.rel1.macos64_1.0.0.202411102158/tools/bin/../lib/gcc/arm-none-eabi/13.3.1/../../../../arm-none-eabi/lib/thumb/v7e-m+fp/hard/libc.a
LOAD /Applications/STM32CubeIDE.app/Contents/Eclipse/plugins/com.st.stm32cube.ide.mcu.externaltools.gnu-tools-for-stm32.13.3.rel1.macos64_1.0.0.202411102158/tools/bin/../lib/gcc/arm-none-eabi/13.3.1/../../../../arm-none-eabi/lib/thumb/v7e-m+fp/hard/libm.a
LOAD /Applications/STM32CubeIDE.app/Contents/Eclipse/plugins/com.st.stm32cube.ide.mcu.externaltools.gnu-tools-for-stm32.13.3.rel1.macos64_1.0.0.202411102158/tools/bin/../lib/gcc/arm-none-eabi/13.3.1/thumb/v7e-m+fp/hard/libgcc.a

.debug_info     0x00000000    0x1810d
 .debug_info    0x00000000      0x905 ./Core/Src/dht11.o
 .debug_info    0x00000905      0x723 ./Core/Src/gpio.o
 .debug_info    0x00001028      0x92f ./Core/Src/hx711.o
 .debug_info    0x00001957      0xce0 ./Core/Src/i2c.o
 .debug_info    0x00002637      0xcd4 ./Core/Src/lib_lcd.o
 .debug_info    0x0000330b      0xdff ./Core/Src/lora.o
 .debug_info    0x0000410a     0x187b ./Core/Src/main.o
 .debug_info    0x00005985      0x82a ./Core/Src/sht31.o
 .debug_info    0x000061af      0x301 ./Core/Src/stm32l4xx_hal_msp.o
 .debug_info    0x000064b0      0x73e ./Core/Src/stm32l4xx_it.o
 .debug_info    0x00006bee      0x168 ./Core/Src/sysmem.o
 .debug_info    0x00006d56      0x5e2 ./Core/Src/system_stm32l4xx.o
 .debug_info    0x00007338      0x985 ./Core/Src/tim.o
 .debug_info    0x00007cbd      0xfe8 ./Core/Src/usart.o
 .debug_info    0x00008ca5       0x30 ./Core/Startup/startup_stm32l476rgtx.o
 .debug_info    0x00008cd5      0xb2d ./Drivers/STM32L4xx_HAL_Driver/Src/stm32l4xx_hal.o
 .debug_info    0x00009802      0xdad ./Drivers/STM32L4xx_HAL_Driver/Src/stm32l4xx_hal_cortex.o
 .debug_info    0x0000a5af      0x71a ./Drivers/STM32L4xx_HAL_Driver/Src/stm32l4xx_hal_dma.o
 .debug_info    0x0000acc9      0x79f ./Drivers/STM32L4xx_HAL_Driver/Src/stm32l4xx_hal_gpio.o
 .debug_info    0x0000b468     0x20fc ./Drivers/STM32L4xx_HAL_Driver/Src/stm32l4xx_hal_i2c.o
 .debug_info    0x0000d564      0x99f ./Drivers/STM32L4xx_HAL_Driver/Src/stm32l4xx_hal_i2c_ex.o
 .debug_info    0x0000df03      0x94a ./Drivers/STM32L4xx_HAL_Driver/Src/stm32l4xx_hal_pwr.o
 .debug_info    0x0000e84d      0x9ca ./Drivers/STM32L4xx_HAL_Driver/Src/stm32l4xx_hal_pwr_ex.o
 .debug_info    0x0000f217      0xc45 ./Drivers/STM32L4xx_HAL_Driver/Src/stm32l4xx_hal_rcc.o
 .debug_info    0x0000fe5c      0xe58 ./Drivers/STM32L4xx_HAL_Driver/Src/stm32l4xx_hal_rcc_ex.o
 .debug_info    0x00010cb4     0x2ade ./Drivers/STM32L4xx_HAL_Driver/Src/stm32l4xx_hal_tim.o
 .debug_info    0x00013792     0x3b8e ./Drivers/STM32L4xx_HAL_Driver/Src/stm32l4xx_hal_uart.o
 .debug_info    0x00017320      0xded ./Drivers/STM32L4xx_HAL_Driver/Src/stm32l4xx_hal_uart_ex.o

.debug_abbrev   0x00000000     0x383f
 .debug_abbrev  0x00000000      0x1fb ./Core/Src/dht11.o
 .debug_abbrev  0x000001fb      0x161 ./Core/Src/gpio.o
 .debug_abbrev  0x0000035c      0x1f7 ./Core/Src/hx711.o
 .debug_abbrev  0x00000553      0x218 ./Core/Src/i2c.o
 .debug_abbrev  0x0000076b      0x1db ./Core/Src/lib_lcd.o
 .debug_abbrev  0x00000946      0x283 ./Core/Src/lora.o
 .debug_abbrev  0x00000bc9      0x337 ./Core/Src/main.o
 .debug_abbrev  0x00000f00      0x1d8 ./Core/Src/sht31.o
 .debug_abbrev  0x000010d8       0xdd ./Core/Src/stm32l4xx_hal_msp.o
 .debug_abbrev  0x000011b5      0x195 ./Core/Src/stm32l4xx_it.o
 .debug_abbrev  0x0000134a       0xbc ./Core/Src/sysmem.o
 .debug_abbrev  0x00001406      0x117 ./Core/Src/system_stm32l4xx.o
 .debug_abbrev  0x0000151d      0x1d6 ./Core/Src/tim.o
 .debug_abbrev  0x000016f3      0x200 ./Core/Src/usart.o
 .debug_abbrev  0x000018f3       0x24 ./Core/Startup/startup_stm32l476rgtx.o
 .debug_abbrev  0x00001917      0x243 ./Drivers/STM32L4xx_HAL_Driver/Src/stm32l4xx_hal.o
 .debug_abbrev  0x00001b5a      0x31c ./Drivers/STM32L4xx_HAL_Driver/Src/stm32l4xx_hal_cortex.o
 .debug_abbrev  0x00001e76      0x1fd ./Drivers/STM32L4xx_HAL_Driver/Src/stm32l4xx_hal_dma.o
 .debug_abbrev  0x00002073      0x1d1 ./Drivers/STM32L4xx_HAL_Driver/Src/stm32l4xx_hal_gpio.o
 .debug_abbrev  0x00002244      0x285 ./Drivers/STM32L4xx_HAL_Driver/Src/stm32l4xx_hal_i2c.o
 .debug_abbrev  0x000024c9      0x1cb ./Drivers/STM32L4xx_HAL_Driver/Src/stm32l4xx_hal_i2c_ex.o
 .debug_abbrev  0x00002694      0x1e5 ./Drivers/STM32L4xx_HAL_Driver/Src/stm32l4xx_hal_pwr.o
 .debug_abbrev  0x00002879      0x1f9 ./Drivers/STM32L4xx_HAL_Driver/Src/stm32l4xx_hal_pwr_ex.o
 .debug_abbrev  0x00002a72      0x2dc ./Drivers/STM32L4xx_HAL_Driver/Src/stm32l4xx_hal_rcc.o
 .debug_abbrev  0x00002d4e      0x2a5 ./Drivers/STM32L4xx_HAL_Driver/Src/stm32l4xx_hal_rcc_ex.o
 .debug_abbrev  0x00002ff3      0x289 ./Drivers/STM32L4xx_HAL_Driver/Src/stm32l4xx_hal_tim.o
 .debug_abbrev  0x0000327c      0x2f3 ./Drivers/STM32L4xx_HAL_Driver/Src/stm32l4xx_hal_uart.o
 .debug_abbrev  0x0000356f      0x2d0 ./Drivers/STM32L4xx_HAL_Driver/Src/stm32l4xx_hal_uart_ex.o

.debug_aranges  0x00000000     0x1338
 .debug_aranges
                0x00000000       0x30 ./Core/Src/dht11.o
 .debug_aranges
                0x00000030       0x20 ./Core/Src/gpio.o
 .debug_aranges
                0x00000050       0x38 ./Core/Src/hx711.o
 .debug_aranges
                0x00000088       0x30 ./Core/Src/i2c.o
 .debug_aranges
                0x000000b8       0x50 ./Core/Src/lib_lcd.o
 .debug_aranges
                0x00000108       0x68 ./Core/Src/lora.o
 .debug_aranges
                0x00000170       0x48 ./Core/Src/main.o
 .debug_aranges
                0x000001b8       0x30 ./Core/Src/sht31.o
 .debug_aranges
                0x000001e8       0x20 ./Core/Src/stm32l4xx_hal_msp.o
 .debug_aranges
                0x00000208       0x70 ./Core/Src/stm32l4xx_it.o
 .debug_aranges
                0x00000278       0x20 ./Core/Src/sysmem.o
 .debug_aranges
                0x00000298       0x28 ./Core/Src/system_stm32l4xx.o
 .debug_aranges
                0x000002c0       0x30 ./Core/Src/tim.o
 .debug_aranges
                0x000002f0       0x38 ./Core/Src/usart.o
 .debug_aranges
                0x00000328       0x28 ./Core/Startup/startup_stm32l476rgtx.o
 .debug_aranges
                0x00000350      0x130 ./Drivers/STM32L4xx_HAL_Driver/Src/stm32l4xx_hal.o
 .debug_aranges
                0x00000480      0x128 ./Drivers/STM32L4xx_HAL_Driver/Src/stm32l4xx_hal_cortex.o
 .debug_aranges
                0x000005a8       0x80 ./Drivers/STM32L4xx_HAL_Driver/Src/stm32l4xx_hal_dma.o
 .debug_aranges
                0x00000628       0x58 ./Drivers/STM32L4xx_HAL_Driver/Src/stm32l4xx_hal_gpio.o
 .debug_aranges
                0x00000680      0x2a0 ./Drivers/STM32L4xx_HAL_Driver/Src/stm32l4xx_hal_i2c.o
 .debug_aranges
                0x00000920       0x48 ./Drivers/STM32L4xx_HAL_Driver/Src/stm32l4xx_hal_i2c_ex.o
 .debug_aranges
                0x00000968       0x98 ./Drivers/STM32L4xx_HAL_Driver/Src/stm32l4xx_hal_pwr.o
 .debug_aranges
                0x00000a00      0x160 ./Drivers/STM32L4xx_HAL_Driver/Src/stm32l4xx_hal_pwr_ex.o
 .debug_aranges
                0x00000b60       0x90 ./Drivers/STM32L4xx_HAL_Driver/Src/stm32l4xx_hal_rcc.o
 .debug_aranges
                0x00000bf0       0xc0 ./Drivers/STM32L4xx_HAL_Driver/Src/stm32l4xx_hal_rcc_ex.o
 .debug_aranges
                0x00000cb0      0x3e0 ./Drivers/STM32L4xx_HAL_Driver/Src/stm32l4xx_hal_tim.o
 .debug_aranges
                0x00001090      0x228 ./Drivers/STM32L4xx_HAL_Driver/Src/stm32l4xx_hal_uart.o
 .debug_aranges
                0x000012b8       0x80 ./Drivers/STM32L4xx_HAL_Driver/Src/stm32l4xx_hal_uart_ex.o

.debug_rnglists
                0x00000000      0xede
 .debug_rnglists
                0x00000000       0x21 ./Core/Src/dht11.o
 .debug_rnglists
                0x00000021       0x14 ./Core/Src/gpio.o
 .debug_rnglists
                0x00000035       0x26 ./Core/Src/hx711.o
 .debug_rnglists
                0x0000005b       0x21 ./Core/Src/i2c.o
 .debug_rnglists
                0x0000007c       0x38 ./Core/Src/lib_lcd.o
 .debug_rnglists
                0x000000b4       0x4f ./Core/Src/lora.o
 .debug_rnglists
                0x00000103       0x34 ./Core/Src/main.o
 .debug_rnglists
                0x00000137       0x21 ./Core/Src/sht31.o
 .debug_rnglists
                0x00000158       0x13 ./Core/Src/stm32l4xx_hal_msp.o
 .debug_rnglists
                0x0000016b       0x4f ./Core/Src/stm32l4xx_it.o
 .debug_rnglists
                0x000001ba       0x13 ./Core/Src/sysmem.o
 .debug_rnglists
                0x000001cd       0x1a ./Core/Src/system_stm32l4xx.o
 .debug_rnglists
                0x000001e7       0x1f ./Core/Src/tim.o
 .debug_rnglists
                0x00000206       0x26 ./Core/Src/usart.o
 .debug_rnglists
                0x0000022c       0x19 ./Core/Startup/startup_stm32l476rgtx.o
 .debug_rnglists
                0x00000245       0xdf ./Drivers/STM32L4xx_HAL_Driver/Src/stm32l4xx_hal.o
 .debug_rnglists
                0x00000324       0xda ./Drivers/STM32L4xx_HAL_Driver/Src/stm32l4xx_hal_cortex.o
 .debug_rnglists
                0x000003fe       0x65 ./Drivers/STM32L4xx_HAL_Driver/Src/stm32l4xx_hal_dma.o
 .debug_rnglists
                0x00000463       0x3f ./Drivers/STM32L4xx_HAL_Driver/Src/stm32l4xx_hal_gpio.o
 .debug_rnglists
                0x000004a2      0x228 ./Drivers/STM32L4xx_HAL_Driver/Src/stm32l4xx_hal_i2c.o
 .debug_rnglists
                0x000006ca       0x35 ./Drivers/STM32L4xx_HAL_Driver/Src/stm32l4xx_hal_i2c_ex.o
 .debug_rnglists
                0x000006ff       0x6e ./Drivers/STM32L4xx_HAL_Driver/Src/stm32l4xx_hal_pwr.o
 .debug_rnglists
                0x0000076d      0x109 ./Drivers/STM32L4xx_HAL_Driver/Src/stm32l4xx_hal_pwr_ex.o
 .debug_rnglists
                0x00000876       0x6d ./Drivers/STM32L4xx_HAL_Driver/Src/stm32l4xx_hal_rcc.o
 .debug_rnglists
                0x000008e3       0x95 ./Drivers/STM32L4xx_HAL_Driver/Src/stm32l4xx_hal_rcc_ex.o
 .debug_rnglists
                0x00000978      0x32c ./Drivers/STM32L4xx_HAL_Driver/Src/stm32l4xx_hal_tim.o
 .debug_rnglists
                0x00000ca4      0x1da ./Drivers/STM32L4xx_HAL_Driver/Src/stm32l4xx_hal_uart.o
 .debug_rnglists
                0x00000e7e       0x60 ./Drivers/STM32L4xx_HAL_Driver/Src/stm32l4xx_hal_uart_ex.o

.debug_macro    0x00000000    0x29293
 .debug_macro   0x00000000      0x20b ./Core/Src/dht11.o
 .debug_macro   0x0000020b      0xad8 ./Core/Src/dht11.o
 .debug_macro   0x00000ce3      0x1ad ./Core/Src/dht11.o
 .debug_macro   0x00000e90       0x2e ./Core/Src/dht11.o
 .debug_macro   0x00000ebe       0x28 ./Core/Src/dht11.o
 .debug_macro   0x00000ee6       0x22 ./Core/Src/dht11.o
 .debug_macro   0x00000f08       0x8e ./Core/Src/dht11.o
 .debug_macro   0x00000f96       0x51 ./Core/Src/dht11.o
 .debug_macro   0x00000fe7      0x103 ./Core/Src/dht11.o
 .debug_macro   0x000010ea       0x6a ./Core/Src/dht11.o
 .debug_macro   0x00001154      0x1df ./Core/Src/dht11.o
 .debug_macro   0x00001333       0x1c ./Core/Src/dht11.o
 .debug_macro   0x0000134f       0x22 ./Core/Src/dht11.o
 .debug_macro   0x00001371       0xfb ./Core/Src/dht11.o
 .debug_macro   0x0000146c     0x1011 ./Core/Src/dht11.o
 .debug_macro   0x0000247d      0x11f ./Core/Src/dht11.o
 .debug_macro   0x0000259c    0x1a192 ./Core/Src/dht11.o
 .debug_macro   0x0001c72e       0x6d ./Core/Src/dht11.o
 .debug_macro   0x0001c79b     0x38fb ./Core/Src/dht11.o
 .debug_macro   0x00020096      0x190 ./Core/Src/dht11.o
 .debug_macro   0x00020226       0x5c ./Core/Src/dht11.o
 .debug_macro   0x00020282     0x159e ./Core/Src/dht11.o
 .debug_macro   0x00021820      0x5a5 ./Core/Src/dht11.o
 .debug_macro   0x00021dc5      0x1b9 ./Core/Src/dht11.o
 .debug_macro   0x00021f7e      0x18b ./Core/Src/dht11.o
 .debug_macro   0x00022109      0x2c4 ./Core/Src/dht11.o
 .debug_macro   0x000223cd      0x27a ./Core/Src/dht11.o
 .debug_macro   0x00022647      0x23d ./Core/Src/dht11.o
 .debug_macro   0x00022884      0x241 ./Core/Src/dht11.o
 .debug_macro   0x00022ac5      0x37c ./Core/Src/dht11.o
 .debug_macro   0x00022e41       0xd6 ./Core/Src/dht11.o
 .debug_macro   0x00022f17      0x22c ./Core/Src/dht11.o
 .debug_macro   0x00023143       0x61 ./Core/Src/dht11.o
 .debug_macro   0x000231a4       0xa5 ./Core/Src/dht11.o
 .debug_macro   0x00023249      0x122 ./Core/Src/dht11.o
 .debug_macro   0x0002336b      0x3ef ./Core/Src/dht11.o
 .debug_macro   0x0002375a      0xa98 ./Core/Src/dht11.o
 .debug_macro   0x000241f2      0x1e6 ./Core/Src/dht11.o
 .debug_macro   0x000243d8      0x5cf ./Core/Src/dht11.o
 .debug_macro   0x000249a7       0x44 ./Core/Src/dht11.o
 .debug_macro   0x000249eb      0x330 ./Core/Src/dht11.o
 .debug_macro   0x00024d1b       0x10 ./Core/Src/dht11.o
 .debug_macro   0x00024d2b      0x1fc ./Core/Src/gpio.o
 .debug_macro   0x00024f27      0x1f2 ./Core/Src/hx711.o
 .debug_macro   0x00025119      0x1fc ./Core/Src/i2c.o
 .debug_macro   0x00025315      0x219 ./Core/Src/lib_lcd.o
 .debug_macro   0x0002552e       0xf4 ./Core/Src/lib_lcd.o
 .debug_macro   0x00025622      0x32e ./Core/Src/lora.o
 .debug_macro   0x00025950       0x16 ./Core/Src/lora.o
 .debug_macro   0x00025966       0xfa ./Core/Src/lora.o
 .debug_macro   0x00025a60       0x61 ./Core/Src/lora.o
 .debug_macro   0x00025ac1       0x2a ./Core/Src/lora.o
 .debug_macro   0x00025aeb       0x43 ./Core/Src/lora.o
 .debug_macro   0x00025b2e       0x34 ./Core/Src/lora.o
 .debug_macro   0x00025b62       0x16 ./Core/Src/lora.o
 .debug_macro   0x00025b78       0x3c ./Core/Src/lora.o
 .debug_macro   0x00025bb4      0x370 ./Core/Src/lora.o
 .debug_macro   0x00025f24       0x10 ./Core/Src/lora.o
 .debug_macro   0x00025f34       0x16 ./Core/Src/lora.o
 .debug_macro   0x00025f4a       0x4a ./Core/Src/lora.o
 .debug_macro   0x00025f94       0x34 ./Core/Src/lora.o
 .debug_macro   0x00025fc8       0x10 ./Core/Src/lora.o
 .debug_macro   0x00025fd8       0x58 ./Core/Src/lora.o
 .debug_macro   0x00026030       0x8e ./Core/Src/lora.o
 .debug_macro   0x000260be       0x1c ./Core/Src/lora.o
 .debug_macro   0x000260da      0x185 ./Core/Src/lora.o
 .debug_macro   0x0002625f       0x16 ./Core/Src/lora.o
 .debug_macro   0x00026275       0x16 ./Core/Src/lora.o
 .debug_macro   0x0002628b      0x146 ./Core/Src/lora.o
 .debug_macro   0x000263d1       0x16 ./Core/Src/lora.o
 .debug_macro   0x000263e7       0x20 ./Core/Src/lora.o
 .debug_macro   0x00026407      0x367 ./Core/Src/main.o
 .debug_macro   0x0002676e       0x16 ./Core/Src/main.o
 .debug_macro   0x00026784      0x32a ./Core/Src/sht31.o
 .debug_macro   0x00026aae      0x1f2 ./Core/Src/stm32l4xx_hal_msp.o
 .debug_macro   0x00026ca0      0x1fc ./Core/Src/stm32l4xx_it.o
 .debug_macro   0x00026e9c      0x112 ./Core/Src/sysmem.o
 .debug_macro   0x00026fae      0x23c ./Core/Src/sysmem.o
 .debug_macro   0x000271ea      0x1e8 ./Core/Src/system_stm32l4xx.o
 .debug_macro   0x000273d2      0x1fc ./Core/Src/tim.o
 .debug_macro   0x000275ce      0x1fc ./Core/Src/usart.o
 .debug_macro   0x000277ca      0x236 ./Drivers/STM32L4xx_HAL_Driver/Src/stm32l4xx_hal.o
 .debug_macro   0x00027a00      0x1e8 ./Drivers/STM32L4xx_HAL_Driver/Src/stm32l4xx_hal_cortex.o
 .debug_macro   0x00027be8      0x1e8 ./Drivers/STM32L4xx_HAL_Driver/Src/stm32l4xx_hal_dma.o
 .debug_macro   0x00027dd0      0x1ef ./Drivers/STM32L4xx_HAL_Driver/Src/stm32l4xx_hal_gpio.o
 .debug_macro   0x00027fbf      0x2b4 ./Drivers/STM32L4xx_HAL_Driver/Src/stm32l4xx_hal_i2c.o
 .debug_macro   0x00028273      0x1e8 ./Drivers/STM32L4xx_HAL_Driver/Src/stm32l4xx_hal_i2c_ex.o
 .debug_macro   0x0002845b      0x200 ./Drivers/STM32L4xx_HAL_Driver/Src/stm32l4xx_hal_pwr.o
 .debug_macro   0x0002865b      0x20c ./Drivers/STM32L4xx_HAL_Driver/Src/stm32l4xx_hal_pwr_ex.o
 .debug_macro   0x00028867      0x22a ./Drivers/STM32L4xx_HAL_Driver/Src/stm32l4xx_hal_rcc.o
 .debug_macro   0x00028a91      0x21e ./Drivers/STM32L4xx_HAL_Driver/Src/stm32l4xx_hal_rcc_ex.o
 .debug_macro   0x00028caf      0x1e9 ./Drivers/STM32L4xx_HAL_Driver/Src/stm32l4xx_hal_tim.o
 .debug_macro   0x00028e98      0x213 ./Drivers/STM32L4xx_HAL_Driver/Src/stm32l4xx_hal_uart.o
 .debug_macro   0x000290ab      0x1e8 ./Drivers/STM32L4xx_HAL_Driver/Src/stm32l4xx_hal_uart_ex.o

.debug_line     0x00000000    0x1973c
 .debug_line    0x00000000      0x849 ./Core/Src/dht11.o
 .debug_line    0x00000849      0x753 ./Core/Src/gpio.o
 .debug_line    0x00000f9c      0x7f2 ./Core/Src/hx711.o
 .debug_line    0x0000178e      0x7c4 ./Core/Src/i2c.o
 .debug_line    0x00001f52      0x88c ./Core/Src/lib_lcd.o
 .debug_line    0x000027de      0xaf6 ./Core/Src/lora.o
 .debug_line    0x000032d4      0xb78 ./Core/Src/main.o
 .debug_line    0x00003e4c      0x94e ./Core/Src/sht31.o
 .debug_line    0x0000479a      0x723 ./Core/Src/stm32l4xx_hal_msp.o
 .debug_line    0x00004ebd      0x802 ./Core/Src/stm32l4xx_it.o
 .debug_line    0x000056bf      0x521 ./Core/Src/sysmem.o
 .debug_line    0x00005be0      0x7c1 ./Core/Src/system_stm32l4xx.o
 .debug_line    0x000063a1      0x773 ./Core/Src/tim.o
 .debug_line    0x00006b14      0x835 ./Core/Src/usart.o
 .debug_line    0x00007349       0x7a ./Core/Startup/startup_stm32l476rgtx.o
 .debug_line    0x000073c3      0xb29 ./Drivers/STM32L4xx_HAL_Driver/Src/stm32l4xx_hal.o
 .debug_line    0x00007eec      0xcc4 ./Drivers/STM32L4xx_HAL_Driver/Src/stm32l4xx_hal_cortex.o
 .debug_line    0x00008bb0      0xcde ./Drivers/STM32L4xx_HAL_Driver/Src/stm32l4xx_hal_dma.o
 .debug_line    0x0000988e      0xb7d ./Drivers/STM32L4xx_HAL_Driver/Src/stm32l4xx_hal_gpio.o
 .debug_line    0x0000a40b     0x3736 ./Drivers/STM32L4xx_HAL_Driver/Src/stm32l4xx_hal_i2c.o
 .debug_line    0x0000db41      0x889 ./Drivers/STM32L4xx_HAL_Driver/Src/stm32l4xx_hal_i2c_ex.o
 .debug_line    0x0000e3ca      0x8f4 ./Drivers/STM32L4xx_HAL_Driver/Src/stm32l4xx_hal_pwr.o
 .debug_line    0x0000ecbe      0xd0b ./Drivers/STM32L4xx_HAL_Driver/Src/stm32l4xx_hal_pwr_ex.o
 .debug_line    0x0000f9c9     0x107e ./Drivers/STM32L4xx_HAL_Driver/Src/stm32l4xx_hal_rcc.o
 .debug_line    0x00010a47     0x154c ./Drivers/STM32L4xx_HAL_Driver/Src/stm32l4xx_hal_rcc_ex.o
 .debug_line    0x00011f93     0x3e8d ./Drivers/STM32L4xx_HAL_Driver/Src/stm32l4xx_hal_tim.o
 .debug_line    0x00015e20     0x2d5c ./Drivers/STM32L4xx_HAL_Driver/Src/stm32l4xx_hal_uart.o
 .debug_line    0x00018b7c      0xbc0 ./Drivers/STM32L4xx_HAL_Driver/Src/stm32l4xx_hal_uart_ex.o

.debug_str      0x00000000    0xf7719
 .debug_str     0x00000000    0xf7719 ./Core/Src/dht11.o
                              0xee0c9 (size before relaxing)
 .debug_str     0x000f7719    0xee1b2 ./Core/Src/gpio.o
 .debug_str     0x000f7719    0xee08c ./Core/Src/hx711.o
 .debug_str     0x000f7719    0xee440 ./Core/Src/i2c.o
 .debug_str     0x000f7719    0xee576 ./Core/Src/lib_lcd.o
 .debug_str     0x000f7719    0xf1e41 ./Core/Src/lora.o
 .debug_str     0x000f7719    0xf272d ./Core/Src/main.o
 .debug_str     0x000f7719    0xf1b5e ./Core/Src/sht31.o
 .debug_str     0x000f7719    0xedbcf ./Core/Src/stm32l4xx_hal_msp.o
 .debug_str     0x000f7719    0xedf91 ./Core/Src/stm32l4xx_it.o
 .debug_str     0x000f7719     0x7785 ./Core/Src/sysmem.o
 .debug_str     0x000f7719    0xedc84 ./Core/Src/system_stm32l4xx.o
 .debug_str     0x000f7719    0xee166 ./Core/Src/tim.o
 .debug_str     0x000f7719    0xee8f9 ./Core/Src/usart.o
 .debug_str     0x000f7719       0x87 ./Core/Startup/startup_stm32l476rgtx.o
 .debug_str     0x000f7719    0xee82c ./Drivers/STM32L4xx_HAL_Driver/Src/stm32l4xx_hal.o
 .debug_str     0x000f7719    0xee4fd ./Drivers/STM32L4xx_HAL_Driver/Src/stm32l4xx_hal_cortex.o
 .debug_str     0x000f7719    0xedf00 ./Drivers/STM32L4xx_HAL_Driver/Src/stm32l4xx_hal_dma.o
 .debug_str     0x000f7719    0xede0f ./Drivers/STM32L4xx_HAL_Driver/Src/stm32l4xx_hal_gpio.o
 .debug_str     0x000f7719    0xeee85 ./Drivers/STM32L4xx_HAL_Driver/Src/stm32l4xx_hal_i2c.o
 .debug_str     0x000f7719    0xee191 ./Drivers/STM32L4xx_HAL_Driver/Src/stm32l4xx_hal_i2c_ex.o
 .debug_str     0x000f7719    0xedfef ./Drivers/STM32L4xx_HAL_Driver/Src/stm32l4xx_hal_pwr.o
 .debug_str     0x000f7719    0xee1df ./Drivers/STM32L4xx_HAL_Driver/Src/stm32l4xx_hal_pwr_ex.o
 .debug_str     0x000f7719    0xee2ca ./Drivers/STM32L4xx_HAL_Driver/Src/stm32l4xx_hal_rcc.o
 .debug_str     0x000f7719    0xee455 ./Drivers/STM32L4xx_HAL_Driver/Src/stm32l4xx_hal_rcc_ex.o
 .debug_str     0x000f7719    0xeefd6 ./Drivers/STM32L4xx_HAL_Driver/Src/stm32l4xx_hal_tim.o
 .debug_str     0x000f7719    0xee9dc ./Drivers/STM32L4xx_HAL_Driver/Src/stm32l4xx_hal_uart.o
 .debug_str     0x000f7719    0xee1e0 ./Drivers/STM32L4xx_HAL_Driver/Src/stm32l4xx_hal_uart_ex.o

.comment        0x00000000       0x43
 .comment       0x00000000       0x43 ./Core/Src/dht11.o
                                 0x44 (size before relaxing)
 .comment       0x00000043       0x44 ./Core/Src/gpio.o
 .comment       0x00000043       0x44 ./Core/Src/hx711.o
 .comment       0x00000043       0x44 ./Core/Src/i2c.o
 .comment       0x00000043       0x44 ./Core/Src/lib_lcd.o
 .comment       0x00000043       0x44 ./Core/Src/lora.o
 .comment       0x00000043       0x44 ./Core/Src/main.o
 .comment       0x00000043       0x44 ./Core/Src/sht31.o
 .comment       0x00000043       0x44 ./Core/Src/stm32l4xx_hal_msp.o
 .comment       0x00000043       0x44 ./Core/Src/stm32l4xx_it.o
 .comment       0x00000043       0x44 ./Core/Src/sysmem.o
 .comment       0x00000043       0x44 ./Core/Src/system_stm32l4xx.o
 .comment       0x00000043       0x44 ./Core/Src/tim.o
 .comment       0x00000043       0x44 ./Core/Src/usart.o
 .comment       0x00000043       0x44 ./Drivers/STM32L4xx_HAL_Driver/Src/stm32l4xx_hal.o
 .comment       0x00000043       0x44 ./Drivers/STM32L4xx_HAL_Driver/Src/stm32l4xx_hal_cortex.o
 .comment       0x00000043       0x44 ./Drivers/STM32L4xx_HAL_Driver/Src/stm32l4xx_hal_dma.o
 .comment       0x00000043       0x44 ./Drivers/STM32L4xx_HAL_Driver/Src/stm32l4xx_hal_gpio.o
 .comment       0x00000043       0x44 ./Drivers/STM32L4xx_HAL_Driver/Src/stm32l4xx_hal_i2c.o
 .comment       0x00000043       0x44 ./Drivers/STM32L4xx_HAL_Driver/Src/stm32l4xx_hal_i2c_ex.o
 .comment       0x00000043       0x44 ./Drivers/STM32L4xx_HAL_Driver/Src/stm32l4xx_hal_pwr.o
 .comment       0x00000043       0x44 ./Drivers/STM32L4xx_HAL_Driver/Src/stm32l4xx_hal_pwr_ex.o
 .comment       0x00000043       0x44 ./Drivers/STM32L4xx_HAL_Driver/Src/stm32l4xx_hal_rcc.o
 .comment       0x00000043       0x44 ./Drivers/STM32L4xx_HAL_Driver/Src/stm32l4xx_hal_rcc_ex.o
 .comment       0x00000043       0x44 ./Drivers/STM32L4xx_HAL_Driver/Src/stm32l4xx_hal_tim.o
 .comment       0x00000043       0x44 ./Drivers/STM32L4xx_HAL_Driver/Src/stm32l4xx_hal_uart.o
 .comment       0x00000043       0x44 ./Drivers/STM32L4xx_HAL_Driver/Src/stm32l4xx_hal_uart_ex.o

.debug_frame    0x00000000     0x5414
 .debug_frame   0x00000000       0x80 ./Core/Src/dht11.o
 .debug_frame   0x00000080       0x34 ./Core/Src/gpio.o
 .debug_frame   0x000000b4       0xa8 ./Core/Src/hx711.o
 .debug_frame   0x0000015c       0x78 ./Core/Src/i2c.o
 .debug_frame   0x000001d4      0x108 ./Core/Src/lib_lcd.o
 .debug_frame   0x000002dc      0x174 ./Core/Src/lora.o
 .debug_frame   0x00000450       0xdc ./Core/Src/main.o
 .debug_frame   0x0000052c       0x88 ./Core/Src/sht31.o
 .debug_frame   0x000005b4       0x38 ./Core/Src/stm32l4xx_hal_msp.o
 .debug_frame   0x000005ec      0x13c ./Core/Src/stm32l4xx_it.o
 .debug_frame   0x00000728       0x34 ./Core/Src/sysmem.o
 .debug_frame   0x0000075c       0x58 ./Core/Src/system_stm32l4xx.o
 .debug_frame   0x000007b4       0x7c ./Core/Src/tim.o
 .debug_frame   0x00000830       0x94 ./Core/Src/usart.o
 .debug_frame   0x000008c4      0x498 ./Drivers/STM32L4xx_HAL_Driver/Src/stm32l4xx_hal.o
 .debug_frame   0x00000d5c      0x4e8 ./Drivers/STM32L4xx_HAL_Driver/Src/stm32l4xx_hal_cortex.o
 .debug_frame   0x00001244      0x204 ./Drivers/STM32L4xx_HAL_Driver/Src/stm32l4xx_hal_dma.o
 .debug_frame   0x00001448      0x14c ./Drivers/STM32L4xx_HAL_Driver/Src/stm32l4xx_hal_gpio.o
 .debug_frame   0x00001594      0xc38 ./Drivers/STM32L4xx_HAL_Driver/Src/stm32l4xx_hal_i2c.o
 .debug_frame   0x000021cc      0x100 ./Drivers/STM32L4xx_HAL_Driver/Src/stm32l4xx_hal_i2c_ex.o
 .debug_frame   0x000022cc      0x230 ./Drivers/STM32L4xx_HAL_Driver/Src/stm32l4xx_hal_pwr.o
 .debug_frame   0x000024fc      0x584 ./Drivers/STM32L4xx_HAL_Driver/Src/stm32l4xx_hal_pwr_ex.o
 .debug_frame   0x00002a80      0x21c ./Drivers/STM32L4xx_HAL_Driver/Src/stm32l4xx_hal_rcc.o
 .debug_frame   0x00002c9c      0x2fc ./Drivers/STM32L4xx_HAL_Driver/Src/stm32l4xx_hal_rcc_ex.o
 .debug_frame   0x00002f98     0x121c ./Drivers/STM32L4xx_HAL_Driver/Src/stm32l4xx_hal_tim.o
 .debug_frame   0x000041b4      0x9f4 ./Drivers/STM32L4xx_HAL_Driver/Src/stm32l4xx_hal_uart.o
 .debug_frame   0x00004ba8      0x204 ./Drivers/STM32L4xx_HAL_Driver/Src/stm32l4xx_hal_uart_ex.o
 .debug_frame   0x00004dac       0x7c /Applications/STM32CubeIDE.app/Contents/Eclipse/plugins/com.st.stm32cube.ide.mcu.externaltools.gnu-tools-for-stm32.13.3.rel1.macos64_1.0.0.202411102158/tools/bin/../lib/gcc/arm-none-eabi/13.3.1/../../../../arm-none-eabi/lib/thumb/v7e-m+fp/hard/libc_nano.a(libc_a-snprintf.o)
 .debug_frame   0x00004e28       0x74 /Applications/STM32CubeIDE.app/Contents/Eclipse/plugins/com.st.stm32cube.ide.mcu.externaltools.gnu-tools-for-stm32.13.3.rel1.macos64_1.0.0.202411102158/tools/bin/../lib/gcc/arm-none-eabi/13.3.1/../../../../arm-none-eabi/lib/thumb/v7e-m+fp/hard/libc_nano.a(libc_a-sprintf.o)
 .debug_frame   0x00004e9c      0x144 /Applications/STM32CubeIDE.app/Contents/Eclipse/plugins/com.st.stm32cube.ide.mcu.externaltools.gnu-tools-for-stm32.13.3.rel1.macos64_1.0.0.202411102158/tools/bin/../lib/gcc/arm-none-eabi/13.3.1/../../../../arm-none-eabi/lib/thumb/v7e-m+fp/hard/libc_nano.a(libc_a-findfp.o)
 .debug_frame   0x00004fe0       0x20 /Applications/STM32CubeIDE.app/Contents/Eclipse/plugins/com.st.stm32cube.ide.mcu.externaltools.gnu-tools-for-stm32.13.3.rel1.macos64_1.0.0.202411102158/tools/bin/../lib/gcc/arm-none-eabi/13.3.1/../../../../arm-none-eabi/lib/thumb/v7e-m+fp/hard/libc_nano.a(libc_a-memset.o)
 .debug_frame   0x00005000       0x20 /Applications/STM32CubeIDE.app/Contents/Eclipse/plugins/com.st.stm32cube.ide.mcu.externaltools.gnu-tools-for-stm32.13.3.rel1.macos64_1.0.0.202411102158/tools/bin/../lib/gcc/arm-none-eabi/13.3.1/../../../../arm-none-eabi/lib/thumb/v7e-m+fp/hard/libc_nano.a(libc_a-errno.o)
 .debug_frame   0x00005020       0x2c /Applications/STM32CubeIDE.app/Contents/Eclipse/plugins/com.st.stm32cube.ide.mcu.externaltools.gnu-tools-for-stm32.13.3.rel1.macos64_1.0.0.202411102158/tools/bin/../lib/gcc/arm-none-eabi/13.3.1/../../../../arm-none-eabi/lib/thumb/v7e-m+fp/hard/libc_nano.a(libc_a-init.o)
 .debug_frame   0x0000504c       0xb0 /Applications/STM32CubeIDE.app/Contents/Eclipse/plugins/com.st.stm32cube.ide.mcu.externaltools.gnu-tools-for-stm32.13.3.rel1.macos64_1.0.0.202411102158/tools/bin/../lib/gcc/arm-none-eabi/13.3.1/../../../../arm-none-eabi/lib/thumb/v7e-m+fp/hard/libc_nano.a(libc_a-lock.o)
 .debug_frame   0x000050fc       0x90 /Applications/STM32CubeIDE.app/Contents/Eclipse/plugins/com.st.stm32cube.ide.mcu.externaltools.gnu-tools-for-stm32.13.3.rel1.macos64_1.0.0.202411102158/tools/bin/../lib/gcc/arm-none-eabi/13.3.1/../../../../arm-none-eabi/lib/thumb/v7e-m+fp/hard/libc_nano.a(libc_a-nano-svfprintf.o)
 .debug_frame   0x0000518c       0x50 /Applications/STM32CubeIDE.app/Contents/Eclipse/plugins/com.st.stm32cube.ide.mcu.externaltools.gnu-tools-for-stm32.13.3.rel1.macos64_1.0.0.202411102158/tools/bin/../lib/gcc/arm-none-eabi/13.3.1/../../../../arm-none-eabi/lib/thumb/v7e-m+fp/hard/libc_nano.a(libc_a-mallocr.o)
 .debug_frame   0x000051dc       0x60 /Applications/STM32CubeIDE.app/Contents/Eclipse/plugins/com.st.stm32cube.ide.mcu.externaltools.gnu-tools-for-stm32.13.3.rel1.macos64_1.0.0.202411102158/tools/bin/../lib/gcc/arm-none-eabi/13.3.1/../../../../arm-none-eabi/lib/thumb/v7e-m+fp/hard/libc_nano.a(libc_a-nano-vfprintf_i.o)